[
  [
    "-facebook-likeButton-",
    [
      51692
    ]
  ],
  [
    "-facebook-share.",
    [
      51693
    ]
  ],
  [
    "-facebook-widget.",
    [
      51694
    ]
  ],
  [
    "-follow-icon-",
    [
      51695
    ]
  ],
  [
    "-follow-icons.",
    [
      51696
    ]
  ],
  [
    "-follow-us-icons.",
    [
      51697
    ]
  ],
  [
    "-followicons.",
    [
      51698
    ]
  ],
  [
    "-share-bar/$~stylesheet",
    [
      51699
    ]
  ],
  [
    "-share-buttons2.",
    [
      51700
    ]
  ],
  [
    "-share-buttons3/$~stylesheet",
    [
      51701
    ]
  ],
  [
    "-share-sprite-",
    [
      51702
    ]
  ],
  [
    "-share-sprite.",
    [
      51703
    ]
  ],
  [
    "-share-tools-",
    [
      51704
    ]
  ],
  [
    "-sharebar-",
    [
      51705
    ]
  ],
  [
    "-sharebar.",
    [
      51706
    ]
  ],
  [
    "-ShareButton2.",
    [
      51707
    ]
  ],
  [
    "-sharebuttons_",
    [
      51708
    ]
  ],
  [
    "-sharetools-",
    [
      51709
    ]
  ],
  [
    "-shareWidget.",
    [
      51710
    ]
  ],
  [
    "-slide-social-",
    [
      51711
    ]
  ],
  [
    "-social-panel.",
    [
      51712
    ]
  ],
  [
    "-social-panel/",
    [
      51713
    ]
  ],
  [
    "-social-sidebar.",
    [
      51714
    ]
  ],
  [
    "-Social-Sidebar/",
    [
      51715
    ]
  ],
  [
    "-social-slider/",
    [
      51716
    ]
  ],
  [
    "-sprite-social-",
    [
      51717
    ]
  ],
  [
    ".fbshare.js",
    [
      51718
    ]
  ],
  [
    ".sharebar.js",
    [
      51719
    ]
  ],
  [
    ".sharing.js",
    [
      51720
    ]
  ],
  [
    "/a2a_share_",
    [
      51721
    ]
  ],
  [
    "/accesspress-social-counter/*",
    [
      51722
    ]
  ],
  [
    "/add-mymsn2.gif",
    [
      51723
    ]
  ],
  [
    "/addthis_widget.js",
    [
      51724
    ]
  ],
  [
    "/addtoany.min.js",
    [
      51725
    ]
  ],
  [
    "/advanced-social-widget.js",
    [
      51726
    ]
  ],
  [
    "/article-social/*",
    [
      51727
    ]
  ],
  [
    "/ashare.js",
    [
      51728
    ]
  ],
  [
    "/ayoshare.js",
    [
      51729
    ]
  ],
  [
    "/badge_twitter.jpg",
    [
      51730
    ]
  ],
  [
    "/badge_twitter.png",
    [
      51731
    ]
  ],
  [
    "/banner-social.jpg",
    [
      51732
    ]
  ],
  [
    "/banner-social.png",
    [
      51733
    ]
  ],
  [
    "/banner/social/*",
    [
      51734
    ]
  ],
  [
    "/bottom-facebook.jpg",
    [
      51735
    ]
  ],
  [
    "/bottom-facebook.png",
    [
      51736
    ]
  ],
  [
    "/bottom-twitter.jpg",
    [
      51737
    ]
  ],
  [
    "/bottom-twitter.png",
    [
      51738
    ]
  ],
  [
    "/button_share.png",
    [
      51739
    ]
  ],
  [
    "/cevhershare.js",
    [
      51740
    ]
  ],
  [
    "/common/sns/*",
    [
      51741
    ]
  ],
  [
    "/common/sns_",
    [
      51742
    ]
  ],
  [
    "/commons/social/*",
    [
      51743
    ]
  ],
  [
    "/commonSprites/social/*",
    [
      51744
    ]
  ],
  [
    "/cool-share/plugin.js",
    [
      51745
    ]
  ],
  [
    "/diggdigg-floating-bar.js",
    [
      51746
    ]
  ],
  [
    "/ej-socialslider/static/slideout.js",
    [
      51747
    ]
  ],
  [
    "/facebook-page-promoter-lightbox/includes/launch/launch.min.js",
    [
      51748
    ]
  ],
  [
    "/facebook-pagelike-widget/fb.js",
    [
      51749
    ]
  ],
  [
    "/facebook-popup-",
    [
      51750
    ]
  ],
  [
    "/facebook-side.jpg",
    [
      51751
    ]
  ],
  [
    "/facebook-side.png",
    [
      51752
    ]
  ],
  [
    "/facebook-vertical.png",
    [
      51753
    ]
  ],
  [
    "/facebook-vertical.svg",
    [
      51754
    ]
  ],
  [
    "/facebook_badge.gif",
    [
      51755
    ]
  ],
  [
    "/facebook_badge.jpg",
    [
      51756
    ]
  ],
  [
    "/facebook_badge.png",
    [
      51757
    ]
  ],
  [
    "/facebook_footer.png",
    [
      51758
    ]
  ],
  [
    "/facebook_footer.svg",
    [
      51759
    ]
  ],
  [
    "/facebook_like_button.png",
    [
      51760
    ]
  ],
  [
    "/facebook_sidebar.jpg",
    [
      51761
    ]
  ],
  [
    "/facebook_sidebar.png",
    [
      51762
    ]
  ],
  [
    "/facebook_sidebar.svg",
    [
      51763
    ]
  ],
  [
    "/facebook_social.png",
    [
      51764
    ]
  ],
  [
    "/facebook_top_icon.png",
    [
      51765
    ]
  ],
  [
    "/facebookbadge.gif",
    [
      51766
    ]
  ],
  [
    "/facebookbadge.jpg",
    [
      51767
    ]
  ],
  [
    "/facebookbadge.png",
    [
      51768
    ]
  ],
  [
    "/facebookBtmIcon.gif",
    [
      51769
    ]
  ],
  [
    "/facebookHeader.png",
    [
      51770
    ]
  ],
  [
    "/facebooksharebutton.png",
    [
      51771
    ]
  ],
  [
    "/facebooksocialplugins.js",
    [
      51772
    ]
  ],
  [
    "/facebooksquare.jpg",
    [
      51773
    ]
  ],
  [
    "/facebooksquare.png",
    [
      51774
    ]
  ],
  [
    "/facebooktrafficdriver.min.js",
    [
      51775
    ]
  ],
  [
    "/facebookwidget.js",
    [
      51776
    ]
  ],
  [
    "/fb-like-pop.js",
    [
      51777
    ]
  ],
  [
    "/fb-pixel.js",
    [
      51778
    ]
  ],
  [
    "/fb-traffic-pop.css",
    [
      51779
    ]
  ],
  [
    "/fb-traffic-pop.min.js",
    [
      51780
    ]
  ],
  [
    "/fb-widget.jpg",
    [
      51781
    ]
  ],
  [
    "/fb-widget.js",
    [
      51782
    ]
  ],
  [
    "/fb-widget.png",
    [
      51783
    ]
  ],
  [
    "/fb_modeles.css",
    [
      51784
    ]
  ],
  [
    "/fb_side.jpg",
    [
      51785
    ]
  ],
  [
    "/fb_side.png",
    [
      51786
    ]
  ],
  [
    "/fbfooter.png",
    [
      51787
    ]
  ],
  [
    "/fbfooter.svg",
    [
      51788
    ]
  ],
  [
    "/fbpop.js",
    [
      51789
    ]
  ],
  [
    "/fbshare.jpg",
    [
      51790
    ]
  ],
  [
    "/fbshare.js",
    [
      51791
    ]
  ],
  [
    "/fbshare.png",
    [
      51792
    ]
  ],
  [
    "/fbshare2.jpg",
    [
      51793
    ]
  ],
  [
    "/fbshare2.png",
    [
      51794
    ]
  ],
  [
    "/floating-social-bar/js/fsb.js",
    [
      51795
    ]
  ],
  [
    "/floating-wpp.min.js",
    [
      51796
    ]
  ],
  [
    "/flw-twitter.png",
    [
      51797
    ]
  ],
  [
    "/follow-linkedin.jpg",
    [
      51798
    ]
  ],
  [
    "/follow-twitter-",
    [
      51799
    ]
  ],
  [
    "/follow-twitter.",
    [
      51800
    ]
  ],
  [
    "/follow-us.$~stylesheet",
    [
      51801
    ]
  ],
  [
    "/follow-widget.js",
    [
      51802
    ]
  ],
  [
    "/follow_instagram.png",
    [
      51803
    ]
  ],
  [
    "/followusontwitter.jpg",
    [
      51804
    ]
  ],
  [
    "/followusontwitter.png",
    [
      51805
    ]
  ],
  [
    "/gadgets/Social/*",
    [
      51806
    ]
  ],
  [
    "/gallery/social/*$image",
    [
      51807
    ]
  ],
  [
    "/gen-share-master/assets/js/frontend/application.min.js",
    [
      51808
    ]
  ],
  [
    "/gfx/socials/*",
    [
      51809
    ]
  ],
  [
    "/gigya-socialize-for-wordpress/*$~script,~stylesheet",
    [
      51810
    ]
  ],
  [
    "/gm-button-social.min.js",
    [
      51811
    ]
  ],
  [
    "/graphics/share/*",
    [
      51812
    ]
  ],
  [
    "/Handlers/Sharrre.ashx?",
    [
      51813
    ]
  ],
  [
    "/header_socials.png",
    [
      51814
    ]
  ],
  [
    "/highlight-and-share.js",
    [
      51815
    ]
  ],
  [
    "/icon_share_",
    [
      51816
    ]
  ],
  [
    "/icon_sns_",
    [
      51817
    ]
  ],
  [
    "/images/social_black/*",
    [
      51818
    ]
  ],
  [
    "/itpsocialbuttons/images/*",
    [
      51819
    ]
  ],
  [
    "/itpsocialbuttons/style.css",
    [
      51820
    ]
  ],
  [
    "/Javascripts/Social.js",
    [
      51821
    ]
  ],
  [
    "/jiathis_share.css",
    [
      51822
    ]
  ],
  [
    "/jinda-facebook-lightbox/public/*",
    [
      51823
    ]
  ],
  [
    "/jquery-pin-it-button-for-images/js/jpibfi.client.js",
    [
      51824
    ]
  ],
  [
    "/jquery.shareaholic-publishers-sb.min.js",
    [
      51825
    ]
  ],
  [
    "/jquery.sharecount.min.js",
    [
      51826
    ]
  ],
  [
    "/jquery.stp.min.js",
    [
      51827
    ]
  ],
  [
    "/juiz-social-post-sharer-2.min.css",
    [
      51828
    ]
  ],
  [
    "/juiz-social-post-sharer-6.min.css",
    [
      51829
    ]
  ],
  [
    "/juiz-social-post-sharer.min.js",
    [
      51830
    ]
  ],
  [
    "/jumboShare.js",
    [
      51831
    ]
  ],
  [
    "/lg-share.js",
    [
      51832
    ]
  ],
  [
    "/like_button.js",
    [
      51833
    ]
  ],
  [
    "/like_button.png",
    [
      51834
    ]
  ],
  [
    "/likebox.php",
    [
      51835
    ]
  ],
  [
    "/likefacebook.jpg",
    [
      51836
    ]
  ],
  [
    "/likefacebook.png",
    [
      51837
    ]
  ],
  [
    "/likegate.js",
    [
      51838
    ]
  ],
  [
    "/likesScript.js",
    [
      51839
    ]
  ],
  [
    "/mod/socialbookmark/*",
    [
      51840
    ]
  ],
  [
    "/mod_socialmedialinks/icons/*",
    [
      51841
    ]
  ],
  [
    "/mod_socialmedialinks/style.css",
    [
      51842
    ]
  ],
  [
    "/mod_socialslider/tmpl/*",
    [
      51843
    ]
  ],
  [
    "/myshare/assets/js/*",
    [
      51844
    ]
  ],
  [
    "/needsharebutton.js",
    [
      51845
    ]
  ],
  [
    "/needsharebutton.min.css",
    [
      51846
    ]
  ],
  [
    "/o3-social-share-styles.css",
    [
      51847
    ]
  ],
  [
    "/oss_share.js",
    [
      51848
    ]
  ],
  [
    "/overlayShare.js",
    [
      51849
    ]
  ],
  [
    "/pandalocker.$script",
    [
      51850
    ]
  ],
  [
    "/pin_it_button.png",
    [
      51851
    ]
  ],
  [
    "/pinit-button.png",
    [
      51852
    ]
  ],
  [
    "/pinit.html?",
    [
      51853
    ]
  ],
  [
    "/pinterest-footer-icon.png",
    [
      51854
    ]
  ],
  [
    "/pinterest-footer-icon.svg",
    [
      51855
    ]
  ],
  [
    "/pinterest-footer-svg.ashx",
    [
      51856
    ]
  ],
  [
    "/pinterest-footer.ashx",
    [
      51857
    ]
  ],
  [
    "/pinterest-for-woocommerce-save-button.min.js",
    [
      51858
    ]
  ],
  [
    "/pinterest-for-woocommerce-tracking.min.js",
    [
      51859
    ]
  ],
  [
    "/pinterest-over.jpg",
    [
      51860
    ]
  ],
  [
    "/pinterest-over.png",
    [
      51861
    ]
  ],
  [
    "/pinterest_tag.js",
    [
      51862
    ]
  ],
  [
    "/pintrest-button.png",
    [
      51863
    ]
  ],
  [
    "/plugins/add-to-any-subscribe/subscribe_",
    [
      51864
    ]
  ],
  [
    "/plugins/add-to-any/addtoany.min.js",
    [
      51865
    ]
  ],
  [
    "/plugins/anmiated-twitter-bird/js/tripleflap.js",
    [
      51866
    ]
  ],
  [
    "/plugins/bookmarkify/*",
    [
      51867
    ]
  ],
  [
    "/plugins/delicious-bookmark-button/delit.js",
    [
      51868
    ]
  ],
  [
    "/plugins/dpSocialShare/js/jquery.dpSocialShare.js",
    [
      51869
    ]
  ],
  [
    "/plugins/easy-facebook-likebox/*",
    [
      51870
    ]
  ],
  [
    "/plugins/easy-twitter-feeds/public/js/widget.js",
    [
      51871
    ]
  ],
  [
    "/plugins/facebook-button-plugin/js/script.js",
    [
      51872
    ]
  ],
  [
    "/plugins/facebook-fanbox-popup/assets/js/spu.js",
    [
      51873
    ]
  ],
  [
    "/plugins/facebook-like-content-locker/js/pop.js",
    [
      51874
    ]
  ],
  [
    "/plugins/facebook-page-promoter-$~stylesheet",
    [
      51875
    ]
  ],
  [
    "/plugins/facebookpopuppro/js/facebookpopup.js",
    [
      51876
    ]
  ],
  [
    "/plugins/getsocial/lib/getsocial.js",
    [
      51877
    ]
  ],
  [
    "/plugins/knxdt-bookmarks-wordpress-plugin/css/style.css",
    [
      51878
    ]
  ],
  [
    "/plugins/light-social/*$~stylesheet",
    [
      51879
    ]
  ],
  [
    "/plugins/like-box-pro/includes/javascript/front_end_js.js",
    [
      51880
    ]
  ],
  [
    "/plugins/like-fb/js/popup.js",
    [
      51881
    ]
  ],
  [
    "/plugins/mashsharer/assets/js/mashsb.min.js",
    [
      51882
    ]
  ],
  [
    "/plugins/osd-social-media-sharing/includes/style.css",
    [
      51883
    ]
  ],
  [
    "/plugins/pinterest-pin-it-button-on-image-hover-and-post/js/pinit.js",
    [
      51884
    ]
  ],
  [
    "/plugins/rtsocial/js/rtss-main.js",
    [
      51885
    ]
  ],
  [
    "/plugins/share-and-follow/*$image",
    [
      51886
    ]
  ],
  [
    "/plugins/share-social/icons/*$image",
    [
      51887
    ]
  ],
  [
    "/plugins/simple-social-sharing-widgets-icons/*$~stylesheet",
    [
      51888
    ]
  ],
  [
    "/plugins/slick-social-share-buttons/*",
    [
      51889
    ]
  ],
  [
    "/plugins/slide-in/js/wdsi.js",
    [
      51890
    ]
  ],
  [
    "/plugins/sme-facebook-likebox-sidebar/*",
    [
      51891
    ]
  ],
  [
    "/plugins/sociable-re/images/*",
    [
      51892
    ]
  ],
  [
    "/plugins/sociable/*$~stylesheet",
    [
      51893
    ]
  ],
  [
    "/plugins/social-media-widget/*$image",
    [
      51894
    ]
  ],
  [
    "/plugins/social-profiles-widget/*$image",
    [
      51895
    ]
  ],
  [
    "/plugins/socialbox/assets/*",
    [
      51896
    ]
  ],
  [
    "/plugins/socialfans-counter/assets/js/socialfans-script.js",
    [
      51897
    ]
  ],
  [
    "/plugins/socialgrid/static/img/*",
    [
      51898
    ]
  ],
  [
    "/plugins/sociallocker-next-premium/*",
    [
      51899
    ]
  ],
  [
    "/plugins/StickySocialBar/js/sharefront.js",
    [
      51900
    ]
  ],
  [
    "/plugins/subscribe-connect-follow-widget/images/*",
    [
      51901
    ]
  ],
  [
    "/plugins/tweet-this/icons/*",
    [
      51902
    ]
  ],
  [
    "/plugins/tweetmeme/button.js",
    [
      51903
    ]
  ],
  [
    "/plugins/ultimate-follow-me/*",
    [
      51904
    ]
  ],
  [
    "/plugins/ultimate-social-deux/public/assets/js/min/us.script-min.js",
    [
      51905
    ]
  ],
  [
    "/plugins/viperbar/client/js/front.js",
    [
      51906
    ]
  ],
  [
    "/plugins/wordpress-social-ring/*",
    [
      51907
    ]
  ],
  [
    "/plugins/wp-plus-one/wp-plus-one.js",
    [
      51908
    ]
  ],
  [
    "/plugins/wp-social-toolbar-pro/js/corescripts.js",
    [
      51909
    ]
  ],
  [
    "/plugins/wp-tweet-button/tweetn.png",
    [
      51910
    ]
  ],
  [
    "/prisna-social-counter.css",
    [
      51911
    ]
  ],
  [
    "/qa-social-share.css",
    [
      51912
    ]
  ],
  [
    "/Resources/twitter-$~xmlhttprequest",
    [
      51913
    ]
  ],
  [
    "/rrshare.js",
    [
      51914
    ]
  ],
  [
    "/s9-social-sharing-front.css",
    [
      51915
    ]
  ],
  [
    "/scrollShareMenu.html",
    [
      51916
    ]
  ],
  [
    "/share-bar-1.min.js",
    [
      51917
    ]
  ],
  [
    "/share-bar/build/index.js",
    [
      51918
    ]
  ],
  [
    "/share-bar/share-bar.js",
    [
      51919
    ]
  ],
  [
    "/share-button?",
    [
      51920
    ]
  ],
  [
    "/share-controller.js",
    [
      51921
    ]
  ],
  [
    "/share-controller.min.js",
    [
      51922
    ]
  ],
  [
    "/share-leadoff-public.js",
    [
      51923
    ]
  ],
  [
    "/share-on-diaspora-css.php",
    [
      51924
    ]
  ],
  [
    "/share.php?buttons=",
    [
      51925
    ]
  ],
  [
    "/share/count?",
    [
      51926
    ]
  ],
  [
    "/share/footer/*",
    [
      51927
    ]
  ],
  [
    "/share/frame/*",
    [
      51928
    ]
  ],
  [
    "/share42.js",
    [
      51929
    ]
  ],
  [
    "/share_button?",
    [
      51930
    ]
  ],
  [
    "/share_count.js",
    [
      51931
    ]
  ],
  [
    "/share_iframe.js",
    [
      51932
    ]
  ],
  [
    "/share_popup.js",
    [
      51933
    ]
  ],
  [
    "/share_sprite.png",
    [
      51934
    ]
  ],
  [
    "/share_toolbar.js",
    [
      51935
    ]
  ],
  [
    "/share_view.js",
    [
      51936
    ]
  ],
  [
    "/share_wechat.jpg",
    [
      51937
    ]
  ],
  [
    "/share_wechat.png",
    [
      51938
    ]
  ],
  [
    "/share_weibo.jpg",
    [
      51939
    ]
  ],
  [
    "/share_weibo.png",
    [
      51940
    ]
  ],
  [
    "/shareaholic.js",
    [
      51941
    ]
  ],
  [
    "/shareArrow.png",
    [
      51942
    ]
  ],
  [
    "/sharebar.js",
    [
      51943
    ]
  ],
  [
    "/shareBar/*",
    [
      51944
    ]
  ],
  [
    "/sharebars/*",
    [
      51945
    ]
  ],
  [
    "/shareBtn_",
    [
      51946
    ]
  ],
  [
    "/sharebutton?",
    [
      51947
    ]
  ],
  [
    "/sharecount/*",
    [
      51948
    ]
  ],
  [
    "/sharecounter?",
    [
      51949
    ]
  ],
  [
    "/sharecounts/*",
    [
      51950
    ]
  ],
  [
    "/shared-social-",
    [
      51951
    ]
  ],
  [
    "/shared/btn_",
    [
      51952
    ]
  ],
  [
    "/shared/social/*",
    [
      51953
    ]
  ],
  [
    "/sharedaddy.js",
    [
      51954
    ]
  ],
  [
    "/sharedaddy/sharing.min.js",
    [
      51955
    ]
  ],
  [
    "/shareFacebook.jpg",
    [
      51956
    ]
  ],
  [
    "/shareFacebook.png",
    [
      51957
    ]
  ],
  [
    "/Sharefb.jpg",
    [
      51958
    ]
  ],
  [
    "/Sharefb.png",
    [
      51959
    ]
  ],
  [
    "/sharefb_icon.png",
    [
      51960
    ]
  ],
  [
    "/shareicon-branding-",
    [
      51961
    ]
  ],
  [
    "/shareIcons.$~stylesheet",
    [
      51962
    ]
  ],
  [
    "/shareit.js",
    [
      51963
    ]
  ],
  [
    "/shareon.iife.js",
    [
      51964
    ]
  ],
  [
    "/shareon.min.css",
    [
      51965
    ]
  ],
  [
    "/sharer.js",
    [
      51966
    ]
  ],
  [
    "/sharethis-buttons.js",
    [
      51967
    ]
  ],
  [
    "/sharethis.js",
    [
      51968
    ]
  ],
  [
    "/shareThisIcons.png",
    [
      51969
    ]
  ],
  [
    "/sharetool.php?",
    [
      51970
    ]
  ],
  [
    "/shareTools.js",
    [
      51971
    ]
  ],
  [
    "/shareTT.js",
    [
      51972
    ]
  ],
  [
    "/Sharetw.png",
    [
      51973
    ]
  ],
  [
    "/sharetw_icon.png",
    [
      51974
    ]
  ],
  [
    "/shareTwitter.jpg",
    [
      51975
    ]
  ],
  [
    "/shareTwitter.png",
    [
      51976
    ]
  ],
  [
    "/shariff.complete.js",
    [
      51977
    ]
  ],
  [
    "/shariff.min.js",
    [
      51978
    ]
  ],
  [
    "/sharing/sprites/*",
    [
      51979
    ]
  ],
  [
    "/sharing_icons/*",
    [
      51980
    ]
  ],
  [
    "/shrMain.min.js",
    [
      51981
    ]
  ],
  [
    "/sidebar-facebook-",
    [
      51982
    ]
  ],
  [
    "/sidebar-follow.png",
    [
      51983
    ]
  ],
  [
    "/sidebar-pinterest-",
    [
      51984
    ]
  ],
  [
    "/sidebar-twitter.png",
    [
      51985
    ]
  ],
  [
    "/sidebar_facebook.png",
    [
      51986
    ]
  ],
  [
    "/sidebar_twitter.png",
    [
      51987
    ]
  ],
  [
    "/silicon-counters.js",
    [
      51988
    ]
  ],
  [
    "/simple-share-$~stylesheet",
    [
      51989
    ]
  ],
  [
    "/simple-social-sharing/*$image",
    [
      51990
    ]
  ],
  [
    "/simpleshare.js",
    [
      51991
    ]
  ],
  [
    "/sm-share-",
    [
      51992
    ]
  ],
  [
    "/sme-facebook-likebox-sidebar/*",
    [
      51993
    ]
  ],
  [
    "/sns_naverband.png",
    [
      51994
    ]
  ],
  [
    "/social-bar.js",
    [
      51995
    ]
  ],
  [
    "/social-footer.jpg",
    [
      51996
    ]
  ],
  [
    "/social-footer.png",
    [
      51997
    ]
  ],
  [
    "/social-proof-testimonials-slider/admin/js/slick-block-editor.js",
    [
      51998
    ]
  ],
  [
    "/Social-Sidebar.js",
    [
      51999
    ]
  ],
  [
    "/social-twit.png",
    [
      52000
    ]
  ],
  [
    "/social-twit.svg",
    [
      52001
    ]
  ],
  [
    "/social-url-generator.js",
    [
      52002
    ]
  ],
  [
    "/social-url-generator.minc.js",
    [
      52003
    ]
  ],
  [
    "/social-widgets-",
    [
      52004
    ]
  ],
  [
    "/social/sprite-",
    [
      52005
    ]
  ],
  [
    "/social2s.min.js",
    [
      52006
    ]
  ],
  [
    "/social_balloon-",
    [
      52007
    ]
  ],
  [
    "/social_bookmarking.png",
    [
      52008
    ]
  ],
  [
    "/social_bookmarking/*$image",
    [
      52009
    ]
  ],
  [
    "/social_bookmarks/*",
    [
      52010
    ]
  ],
  [
    "/social_footer.png",
    [
      52011
    ]
  ],
  [
    "/social_header.jpg",
    [
      52012
    ]
  ],
  [
    "/social_header.png",
    [
      52013
    ]
  ],
  [
    "/social_popup.js",
    [
      52014
    ]
  ],
  [
    "/social_widget.js",
    [
      52015
    ]
  ],
  [
    "/socialappsintegrator.",
    [
      52016
    ]
  ],
  [
    "/socialbar-sso.js",
    [
      52017
    ]
  ],
  [
    "/socialbar.js",
    [
      52018
    ]
  ],
  [
    "/socialbar.php",
    [
      52019
    ]
  ],
  [
    "/socialbookmarkerbot_images/*",
    [
      52020
    ]
  ],
  [
    "/socialbookmarks.js",
    [
      52021
    ]
  ],
  [
    "/socialcount.js",
    [
      52022
    ]
  ],
  [
    "/socialcount.min.js",
    [
      52023
    ]
  ],
  [
    "/socialfooter.js",
    [
      52024
    ]
  ],
  [
    "/socialite.js",
    [
      52025
    ]
  ],
  [
    "/socialite.min.js",
    [
      52026
    ]
  ],
  [
    "/socialize/library.js",
    [
      52027
    ]
  ],
  [
    "/socialMediaButtons.png",
    [
      52028
    ]
  ],
  [
    "/SocialMediaButtons/tracking.js",
    [
      52029
    ]
  ],
  [
    "/socialmediasprite.png",
    [
      52030
    ]
  ],
  [
    "/socialnetwork-buttons/*",
    [
      52031
    ]
  ],
  [
    "/socialplugins/*",
    [
      52032
    ]
  ],
  [
    "/SocialSharePlugin.js",
    [
      52033
    ]
  ],
  [
    "/SocialSharePlugin.png",
    [
      52034
    ]
  ],
  [
    "/socialshares.js",
    [
      52035
    ]
  ],
  [
    "/socialsite/*",
    [
      52036
    ]
  ],
  [
    "/socialSmall/*",
    [
      52037
    ]
  ],
  [
    "/SocialSprite.",
    [
      52038
    ]
  ],
  [
    "/socialsprites.",
    [
      52039
    ]
  ],
  [
    "/socialstat?",
    [
      52040
    ]
  ],
  [
    "/socialtwitter1.png",
    [
      52041
    ]
  ],
  [
    "/socialwd/*",
    [
      52042
    ]
  ],
  [
    "/sociofluid/*$~script,~stylesheet",
    [
      52043
    ]
  ],
  [
    "/squaresocial-",
    [
      52044
    ]
  ],
  [
    "/stocktwits_share.png",
    [
      52045
    ]
  ],
  [
    "/synved-social/image/*",
    [
      52046
    ]
  ],
  [
    "/tabs/social/*",
    [
      52047
    ]
  ],
  [
    "/tarful-share-public.js",
    [
      52048
    ]
  ],
  [
    "/tools/newSideShare/*",
    [
      52049
    ]
  ],
  [
    "/tweet_footer.png",
    [
      52050
    ]
  ],
  [
    "/twfooter.png",
    [
      52051
    ]
  ],
  [
    "/twitbadge.jpg",
    [
      52052
    ]
  ],
  [
    "/twitter-follow-",
    [
      52053
    ]
  ],
  [
    "/twitter-footer-",
    [
      52054
    ]
  ],
  [
    "/twitter-v2.jpg",
    [
      52055
    ]
  ],
  [
    "/twitter-v2.png",
    [
      52056
    ]
  ],
  [
    "/twitter-widget.jpg",
    [
      52057
    ]
  ],
  [
    "/twitter-widget.png",
    [
      52058
    ]
  ],
  [
    "/twitter_badge.png",
    [
      52059
    ]
  ],
  [
    "/twitter_follow.jpg",
    [
      52060
    ]
  ],
  [
    "/twitter_follow.png",
    [
      52061
    ]
  ],
  [
    "/twitter_footer.jpg",
    [
      52062
    ]
  ],
  [
    "/twitter_footer.png",
    [
      52063
    ]
  ],
  [
    "/twitter_header.jpg",
    [
      52064
    ]
  ],
  [
    "/twitter_header.png",
    [
      52065
    ]
  ],
  [
    "/twitter_square.png",
    [
      52066
    ]
  ],
  [
    "/twitter_square.svg",
    [
      52067
    ]
  ],
  [
    "/twitterbadge.png",
    [
      52068
    ]
  ],
  [
    "/twitterfloat.js",
    [
      52069
    ]
  ],
  [
    "/twitterfollow.jpg",
    [
      52070
    ]
  ],
  [
    "/twitterfollow.png",
    [
      52071
    ]
  ],
  [
    "/twitterlib.js",
    [
      52072
    ]
  ],
  [
    "/twitteron.jpg",
    [
      52073
    ]
  ],
  [
    "/twitteron.png",
    [
      52074
    ]
  ],
  [
    "/twittersquare.png",
    [
      52075
    ]
  ],
  [
    "/videojs-share.js",
    [
      52076
    ]
  ],
  [
    "/viewboxTraffic_min.js",
    [
      52077
    ]
  ],
  [
    "/visual/social/*",
    [
      52078
    ]
  ],
  [
    "/vk_button.jpg",
    [
      52079
    ]
  ],
  [
    "/vk_button.png",
    [
      52080
    ]
  ],
  [
    "/weiboshare.html",
    [
      52081
    ]
  ],
  [
    "/whatsapp-button.js",
    [
      52082
    ]
  ],
  [
    "/whatsapp_button.php",
    [
      52083
    ]
  ],
  [
    "/whatsapp_icon.png",
    [
      52084
    ]
  ],
  [
    "/whatsappblogger.js",
    [
      52085
    ]
  ],
  [
    "/whatsappshare.jpg",
    [
      52086
    ]
  ],
  [
    "/whatsappshare.js",
    [
      52087
    ]
  ],
  [
    "/widget/share?",
    [
      52088
    ]
  ],
  [
    "/widget/share_",
    [
      52089
    ]
  ],
  [
    "/widgets/sharing-",
    [
      52090
    ]
  ],
  [
    "/widgets/socials/*",
    [
      52091
    ]
  ],
  [
    "/widgets/twitter/*",
    [
      52092
    ]
  ],
  [
    "/wordpress-popup/*$domain=ahchealthenews.com",
    [
      52093
    ]
  ],
  [
    "/wp-content/plugins/advanced-facebook-content-locker/*",
    [
      52094
    ]
  ],
  [
    "/wp-social-toolbar/js/scripts.js",
    [
      52095
    ]
  ],
  [
    "/wpsms-public.css",
    [
      52096
    ]
  ],
  [
    "/wpsms-public.min.js",
    [
      52097
    ]
  ],
  [
    "/ya-share.js",
    [
      52098
    ]
  ],
  [
    "_footer_twitter.",
    [
      52099
    ]
  ],
  [
    "_share_bookmark.",
    [
      52100
    ]
  ],
  [
    "_share_widget_",
    [
      52101
    ]
  ],
  [
    "_small_share.",
    [
      52102
    ]
  ],
  [
    "_social-bar/",
    [
      52103
    ]
  ],
  [
    "_social_badge_$~xmlhttprequest",
    [
      52104
    ]
  ],
  [
    "_social_bookmark/",
    [
      52105
    ]
  ],
  [
    "_social_bookmarks/",
    [
      52106
    ]
  ],
  [
    "_social_footer_",
    [
      52107
    ]
  ],
  [
    "/jquery.bpopup.$script,domain=telechargerunevideo.com",
    [
      52108
    ]
  ],
  [
    "/wp-content/plugins/videolock/*$script",
    [
      52109
    ]
  ],
  [
    "||addnow.com^$third-party",
    [
      52110
    ]
  ],
  [
    "||addthis.com^$third-party",
    [
      52111
    ]
  ],
  [
    "||addthiscdn.com^$domain=~addthis.com",
    [
      52112
    ]
  ],
  [
    "||addtoany.com^$third-party",
    [
      52113
    ]
  ],
  [
    "||assets.pinterest.com/js/pinit.js$third-party",
    [
      52114
    ]
  ],
  [
    "||assets.pinterest.com/pidget.html$third-party",
    [
      52115
    ]
  ],
  [
    "||b.hatena.ne.jp^$third-party",
    [
      52116
    ]
  ],
  [
    "||b.st-hatena.com/images/$image,third-party,domain=~b.hatena.ne.jp",
    [
      52117
    ]
  ],
  [
    "||b.st-hatena.com/js/$script,third-party,domain=~b.hatena.ne.jp",
    [
      52118
    ]
  ],
  [
    "||badge.facebook.com^$third-party",
    [
      52119
    ]
  ],
  [
    "||badges.instagram.com^$third-party",
    [
      52120
    ]
  ],
  [
    "||bloglovin.com/widget/$third-party",
    [
      52121
    ]
  ],
  [
    "||bshare.cn^$third-party",
    [
      52122
    ]
  ],
  [
    "||button-share.zalo.me^$third-party",
    [
      52123
    ]
  ],
  [
    "||button.like.co^$third-party",
    [
      52124
    ]
  ],
  [
    "||buttons.github.io/buttons.js$third-party",
    [
      52125
    ]
  ],
  [
    "||buttons.googlesyndication.com^$third-party",
    [
      52126
    ]
  ],
  [
    "||connect.ok.ru^$third-party",
    [
      52127
    ]
  ],
  [
    "||crowdynews.com^$third-party",
    [
      52128
    ]
  ],
  [
    "||dailymotion.com/badge/user/$third-party",
    [
      52129
    ]
  ],
  [
    "||digg.com^$script,subdocument,third-party",
    [
      52130
    ]
  ],
  [
    "||facebook.com/plugins/activity.php?$third-party",
    [
      52131
    ]
  ],
  [
    "||facebook.com/plugins/facepile.php?$third-party",
    [
      52132
    ]
  ],
  [
    "||facebook.com/plugins/fan.php?$third-party",
    [
      52133
    ]
  ],
  [
    "||facebook.com/plugins/follow.php$third-party",
    [
      52134
    ]
  ],
  [
    "||facebook.com/plugins/like.php?$third-party",
    [
      52135
    ]
  ],
  [
    "||facebook.com/plugins/like_box.php$third-party",
    [
      52136
    ]
  ],
  [
    "||facebook.com/plugins/likebox/$third-party",
    [
      52137
    ]
  ],
  [
    "||facebook.com/plugins/page.php?$third-party",
    [
      52138
    ]
  ],
  [
    "||facebook.com/plugins/recommendations.php?$third-party",
    [
      52139
    ]
  ],
  [
    "||facebook.com/plugins/send.php?$third-party",
    [
      52140
    ]
  ],
  [
    "||facebook.com/plugins/share_button.php?$third-party",
    [
      52141
    ]
  ],
  [
    "||facebook.com/plugins/subscribe.php$third-party",
    [
      52142
    ]
  ],
  [
    "||facebook.com/widgets/activity.php?$third-party",
    [
      52143
    ]
  ],
  [
    "||facebook.com/widgets/fan.php?$third-party",
    [
      52144
    ]
  ],
  [
    "||facebook.com/widgets/like.php?$third-party",
    [
      52145
    ]
  ],
  [
    "||facebook.com/widgets/recommendations.php?$third-party",
    [
      52146
    ]
  ],
  [
    "||facebook.com^*/plugins/like.php?$third-party",
    [
      52147
    ]
  ],
  [
    "||facebook.com^*/plugins/page.php?$third-party",
    [
      52148
    ]
  ],
  [
    "||facebook.com^*/plugins/share_button.php?$third-party",
    [
      52149
    ]
  ],
  [
    "||fark.com^$script,third-party",
    [
      52150
    ]
  ],
  [
    "||feedgrabbr.com/widget/",
    [
      52151
    ]
  ],
  [
    "||feedly.com/img/follows/$third-party",
    [
      52152
    ]
  ],
  [
    "||figshare.com^$third-party",
    [
      52153
    ]
  ],
  [
    "||filamentapp-assets.s3.amazonaws.com^$third-party",
    [
      52154
    ]
  ],
  [
    "||filamentapp.s3.amazonaws.com^$third-party",
    [
      52155
    ]
  ],
  [
    "||fireworkapi.com^$third-party",
    [
      52156
    ]
  ],
  [
    "||fireworkapi1.com^$third-party,domain=~matsukiyococokara-online.com",
    [
      52157
    ]
  ],
  [
    "||fireworktv.com^$third-party",
    [
      52158
    ]
  ],
  [
    "||flipboard.com/web/buttons/$third-party",
    [
      52159
    ]
  ],
  [
    "||followistic.com^$third-party",
    [
      52160
    ]
  ],
  [
    "||friends2follow.com^$subdocument,third-party",
    [
      52161
    ]
  ],
  [
    "||fwcdn2.com^$third-party",
    [
      52162
    ]
  ],
  [
    "||fwcdn3.com^$third-party",
    [
      52163
    ]
  ],
  [
    "||getbutton.io/widget-send-button/$third-party",
    [
      52164
    ]
  ],
  [
    "||getsocial.io/widget/$third-party",
    [
      52165
    ]
  ],
  [
    "||getsocial.io^*/gs_async.js$third-party",
    [
      52166
    ]
  ],
  [
    "||google.com/_/+1/$third-party",
    [
      52167
    ]
  ],
  [
    "||google.com^*/fastbutton?$third-party",
    [
      52168
    ]
  ],
  [
    "||gotchosen.com^$third-party",
    [
      52169
    ]
  ],
  [
    "||gplusapi.appspot.com^$third-party",
    [
      52170
    ]
  ],
  [
    "||graph.facebook.com/fql?q=SELECT$third-party",
    [
      52171
    ]
  ],
  [
    "||handll.com^$third-party",
    [
      52172
    ]
  ],
  [
    "||hatena.ne.jp/entry/button/$third-party",
    [
      52173
    ]
  ],
  [
    "||herokuapp.com/button.html?$third-party",
    [
      52174
    ]
  ],
  [
    "||hn-button.herokuapp.com^$third-party",
    [
      52175
    ]
  ],
  [
    "||iconosquare.com/widget.php$third-party",
    [
      52176
    ]
  ],
  [
    "||insidesoci.al^$third-party",
    [
      52177
    ]
  ],
  [
    "||jit.su/frame$third-party",
    [
      52178
    ]
  ],
  [
    "||jsoon.digitiminimi.com^$third-party",
    [
      52179
    ]
  ],
  [
    "||karmacracy.com/widget$third-party",
    [
      52180
    ]
  ],
  [
    "||lessbuttons.com^$third-party",
    [
      52181
    ]
  ],
  [
    "||likebtn.com^$third-party",
    [
      52182
    ]
  ],
  [
    "||line-apps.com^*/thirdparty/$third-party",
    [
      52183
    ]
  ],
  [
    "||line.me/js/line-button.js?$third-party",
    [
      52184
    ]
  ],
  [
    "||linkedin.com/countserv/$third-party",
    [
      52185
    ]
  ],
  [
    "||linkedin.com/img/$third-party",
    [
      52186
    ]
  ],
  [
    "||linkedin.com/uas/js/userspace?$third-party",
    [
      52187
    ]
  ],
  [
    "||linksalpha.com^$third-party",
    [
      52188
    ]
  ],
  [
    "||loveclaw.com^$third-party",
    [
      52189
    ]
  ],
  [
    "||markerly.com^$third-party",
    [
      52190
    ]
  ],
  [
    "||massrelevance.com^$third-party",
    [
      52191
    ]
  ],
  [
    "||meebo.com^$third-party",
    [
      52192
    ]
  ],
  [
    "||meerkatapp.co/btn/$third-party",
    [
      52193
    ]
  ],
  [
    "||messengerpeople.com^$third-party",
    [
      52194
    ]
  ],
  [
    "||milotree.com^$third-party",
    [
      52195
    ]
  ],
  [
    "||newsharecounts.com^$third-party",
    [
      52196
    ]
  ],
  [
    "||opensharecount.com^$third-party",
    [
      52197
    ]
  ],
  [
    "||patreon.com/becomePatronButton.bundle.js$third-party",
    [
      52198
    ]
  ],
  [
    "||pepper.com^$third-party",
    [
      52199
    ]
  ],
  [
    "||pinterest.com/images/$third-party",
    [
      52200
    ]
  ],
  [
    "||pinterest.com/js/pinit_main.js$third-party",
    [
      52201
    ]
  ],
  [
    "||pinterest.com/v1/urls/count.json$third-party",
    [
      52202
    ]
  ],
  [
    "||platform.foursquare.com^$third-party",
    [
      52203
    ]
  ],
  [
    "||platform.linkedin.com^$third-party",
    [
      52204
    ]
  ],
  [
    "||platform.twitter.com/anywhere.js$third-party",
    [
      52205
    ]
  ],
  [
    "||platform.twitter.com/embed/$~stylesheet,~subdocument,third-party",
    [
      52206
    ]
  ],
  [
    "||platform.twitter.com/js/button.$third-party",
    [
      52207
    ]
  ],
  [
    "||po.st/share/$script",
    [
      52208
    ]
  ],
  [
    "||po.st/static/$third-party",
    [
      52209
    ]
  ],
  [
    "||reactandshare.com^$third-party",
    [
      52210
    ]
  ],
  [
    "||reddit.com/api/info.json?$third-party",
    [
      52211
    ]
  ],
  [
    "||reddit.com/button.js?$third-party",
    [
      52212
    ]
  ],
  [
    "||reddit.com/static/$third-party",
    [
      52213
    ]
  ],
  [
    "||revinate.com^$third-party",
    [
      52214
    ]
  ],
  [
    "||scoop.it^$third-party",
    [
      52215
    ]
  ],
  [
    "||share.itraffic.su^$third-party",
    [
      52216
    ]
  ],
  [
    "||share.static.skyrock.net^$third-party",
    [
      52217
    ]
  ],
  [
    "||shareaholic.com^$third-party",
    [
      52218
    ]
  ],
  [
    "||sharedcount.com^$third-party",
    [
      52219
    ]
  ],
  [
    "||sharethis.com^$third-party",
    [
      52220
    ]
  ],
  [
    "||sharexy.com^$third-party",
    [
      52221
    ]
  ],
  [
    "||sharpay.io^$third-party",
    [
      52222
    ]
  ],
  [
    "||shpg.org^$third-party",
    [
      52223
    ]
  ],
  [
    "||simplesharebuttons.com^$third-party",
    [
      52224
    ]
  ],
  [
    "||softwebzone.com^$third-party",
    [
      52225
    ]
  ],
  [
    "||spotify.com/follow/$third-party",
    [
      52226
    ]
  ],
  [
    "||statigr.am^$third-party",
    [
      52227
    ]
  ],
  [
    "||storeya.com/externalscript/$third-party",
    [
      52228
    ]
  ],
  [
    "||t.pridat.eu^$third-party",
    [
      52229
    ]
  ],
  [
    "||trendemon.com^$third-party",
    [
      52230
    ]
  ],
  [
    "||twinesocial.com^$third-party",
    [
      52231
    ]
  ],
  [
    "||twitter.com/js/timeline.$script,third-party",
    [
      52232
    ]
  ],
  [
    "||usocial.pro^$third-party",
    [
      52233
    ]
  ],
  [
    "||vk.com/share.php?$third-party",
    [
      52234
    ]
  ],
  [
    "||vk.com/widget_community.php$third-party",
    [
      52235
    ]
  ],
  [
    "||vk.com/widget_community_messages.php?$third-party",
    [
      52236
    ]
  ],
  [
    "||vk.com/widget_like.php$third-party",
    [
      52237
    ]
  ],
  [
    "||vkontakte.ru/js/api/$third-party,domain=~arudex.com|~tapclap.com|~ugo.ru|~vk.com",
    [
      52238
    ]
  ],
  [
    "||vkontakte.ru/share.php?$third-party",
    [
      52239
    ]
  ],
  [
    "||vkontakte.ru/widget_community.php$third-party",
    [
      52240
    ]
  ],
  [
    "||vkontakte.ru/widget_like.php$third-party",
    [
      52241
    ]
  ],
  [
    "||w.uptolike.com^$third-party",
    [
      52242
    ]
  ],
  [
    "||weibo.com/staticjs/weiboshare.html$third-party",
    [
      52243
    ]
  ],
  [
    "||widget.weibo.com^$third-party",
    [
      52244
    ]
  ],
  [
    "||widget.whatshelp.io^$third-party",
    [
      52245
    ]
  ],
  [
    "||widgets.getpocket.com^$third-party",
    [
      52246
    ]
  ],
  [
    "||widgets.wp.com/likes/$third-party",
    [
      52247
    ]
  ],
  [
    "||wykop.pl/dataprovider/diggerwidget/$third-party",
    [
      52248
    ]
  ],
  [
    "||xing-share.com^$third-party",
    [
      52249
    ]
  ],
  [
    "||xing.com/img/buttons/$third-party",
    [
      52250
    ]
  ],
  [
    "||yandex.st/share/",
    [
      52251
    ]
  ],
  [
    "||youtube.com/subscribe_embed?$third-party",
    [
      52252
    ]
  ],
  [
    "||youtube.com/subscribe_widget$third-party",
    [
      52253
    ]
  ],
  [
    "||zextit.com/partners/$third-party",
    [
      52254
    ]
  ],
  [
    "||ipaddress.com/shariff/",
    [
      52255
    ]
  ],
  [
    "||naturalnews.com/getviews2.",
    [
      52256
    ]
  ],
  [
    "||people.com.cn/img/2020fenxiang/",
    [
      52257
    ]
  ],
  [
    "||shbarcelona.com/img/socialnetwork/",
    [
      52258
    ]
  ],
  [
    "||probook.bg/like?$third-party",
    [
      52259
    ]
  ],
  [
    "||pipeline.de/socialmedia-icons/",
    [
      52260
    ]
  ],
  [
    "||seitzeichen.de^$third-party",
    [
      52261
    ]
  ],
  [
    "||social-bookmarking-tools.de^$third-party",
    [
      52262
    ]
  ],
  [
    "||werkenntwen.de/images/buttons/$third-party",
    [
      52263
    ]
  ],
  [
    "||lequipe.fr/_nuxt/Share.",
    [
      52264
    ]
  ],
  [
    "||produits-asiatiques.com/annuaire/templates/coolor/images/facebook-faces.gif",
    [
      52265
    ]
  ],
  [
    "||almasryalyoum.com/scripts/sharing.js",
    [
      52266
    ]
  ],
  [
    "||stjegypt.com/uploads/stjnew.jpg",
    [
      52267
    ]
  ],
  [
    "||share.baidu.com^",
    [
      52268
    ]
  ],
  [
    "||fanclubbarcelona.nl/images/mediabuttons/",
    [
      52269
    ]
  ],
  [
    "||focus.it/images/embed/banner-canale-whats-up/",
    [
      52270
    ]
  ],
  [
    "||napolimagazine.com/web/img/iconefooter/",
    [
      52271
    ]
  ],
  [
    "||napolimagazine.com/web/img/iconetop/",
    [
      52272
    ]
  ],
  [
    "||nursetimes.org/wp-content/uploads/2016/01/telegram-banner.png",
    [
      52273
    ]
  ],
  [
    "||imyfone.com/assets/js/media_share/",
    [
      52274
    ]
  ],
  [
    "||ministop.co.jp/site_common/js/sns_",
    [
      52275
    ]
  ],
  [
    "||plugins.mixi.jp/favorite.pl?$third-party",
    [
      52276
    ]
  ],
  [
    "||taishurx.jp/js/web/sns_header.js",
    [
      52277
    ]
  ],
  [
    "||draugiem.lv/business/ext/fans/$third-party",
    [
      52278
    ]
  ],
  [
    "||draugiem.lv/business/ext/follow/$third-party",
    [
      52279
    ]
  ],
  [
    "||draugiem.lv/lapas/widgets/$third-party",
    [
      52280
    ]
  ],
  [
    "||draugiem.lv/say/ext/like.php$third-party",
    [
      52281
    ]
  ],
  [
    "||draugiem.lv/say/ext/recommend.php$third-party",
    [
      52282
    ]
  ],
  [
    "||draugiem.lv^*/js/fans/$third-party",
    [
      52283
    ]
  ],
  [
    "||sekomums.lv^$third-party",
    [
      52284
    ]
  ],
  [
    "||aventurasnahistoria.uol.com.br/static/socialmedia/",
    [
      52285
    ]
  ],
  [
    "||defatoonline.com.br/whatsapp.html",
    [
      52286
    ]
  ],
  [
    "||jcconcursos.com.br/static/socialmedia/",
    [
      52287
    ]
  ],
  [
    "||trrsf.com/transversais/trr_bar/$script",
    [
      52288
    ]
  ],
  [
    "||dni.ru^*/sotial-",
    [
      52289
    ]
  ],
  [
    "||russia.tv/js/modules/social-subscriber.js",
    [
      52290
    ]
  ],
  [
    "||spynews.ro/templates/default/img/face.png",
    [
      52291
    ]
  ],
  [
    "||vestifinance.ru/js/share.js",
    [
      52292
    ]
  ],
  [
    "@@/angular-facebook.js",
    [
      52293
    ]
  ],
  [
    "@@/wp-content/plugins/bwp-minify/min/?*,wp-content$script,stylesheet,~third-party",
    [
      52294
    ]
  ],
  [
    "@@/wp-content/plugins/share-this-image/*$~third-party",
    [
      52295
    ]
  ],
  [
    "@@/wp-content/plugins/socialauth-wp/*$~third-party",
    [
      52296
    ]
  ],
  [
    "@@/wp-content/plugins/wordpress-social-login/*$~third-party",
    [
      52297
    ]
  ],
  [
    "@@/wp-content/plugins/wp-minify/min/?*,wp-content$stylesheet",
    [
      52298
    ]
  ],
  [
    "@@/wp-content/plugins/wp-rocket/*$image,~third-party",
    [
      52299
    ]
  ],
  [
    "@@||3obieg.pl/wp-content/themes/sowe/css/content/$image",
    [
      52300
    ]
  ],
  [
    "@@||adguard.com/public/Adguard/Blog/Android/comparison/facebook_$image,domain=adguard.com",
    [
      52301
    ]
  ],
  [
    "@@||ahaan.co.uk^$~third-party,xmlhttprequest",
    [
      52302
    ]
  ],
  [
    "@@||answers.ros.org/m/default/media/images/socialsprite.png$~third-party",
    [
      52303
    ]
  ],
  [
    "@@||app.conceptboard.com^*/SocialIcons.js$xmlhttprequest",
    [
      52304
    ]
  ],
  [
    "@@||app.veggly.net/plugins/cordova-plugin-x-socialsharing/$script,~third-party",
    [
      52305
    ]
  ],
  [
    "@@||arcgis.com/apps/Nearby/app/components/Share/$~third-party",
    [
      52306
    ]
  ],
  [
    "@@||arhn.eu/wp-content/themes/socialize/$~third-party",
    [
      52307
    ]
  ],
  [
    "@@||assets.msn.com/bundles/*/social-bar-$~third-party",
    [
      52308
    ]
  ],
  [
    "@@||authy.com/wp-content/themes/authy/assets/images/icons/",
    [
      52309
    ]
  ],
  [
    "@@||brave.com/wp-content/uploads/$image,~third-party",
    [
      52310
    ]
  ],
  [
    "@@||cdn.flowplayer.com^*/share.min.js",
    [
      52311
    ]
  ],
  [
    "@@||comelitgroup.com/wp-content/themes/comelitgroup/includes/js/instafeed.min.js$~third-party",
    [
      52312
    ]
  ],
  [
    "@@||comelitgroup.com/wp-content/themes/comelitgroup/includes/js/SocialShare.min.js$~third-party",
    [
      52313
    ]
  ],
  [
    "@@||commonsensemedia.org/ajax/review/$~third-party,xmlhttprequest",
    [
      52314
    ]
  ],
  [
    "@@||d27rt3a60hh1lx.cloudfront.net/models/$domain=muse.place",
    [
      52315
    ]
  ],
  [
    "@@||digitrend.it/wonder-marketing/assets/wordpress/js/videojs-share.min.js?$script,domain=vrsicilia.it",
    [
      52316
    ]
  ],
  [
    "@@||enumizmatyczny.pl/modules/hifacebookconnect/$image",
    [
      52317
    ]
  ],
  [
    "@@||facebook.com^*/plugins/page.php?$domain=cieplikpodrozuje.pl|makulscy.com",
    [
      52318
    ]
  ],
  [
    "@@||fc-zenit.ru/local/templates/new_html/css/nav-social-2/$~third-party",
    [
      52319
    ]
  ],
  [
    "@@||findicons.com/files/icons/$~third-party",
    [
      52320
    ]
  ],
  [
    "@@||gen.jut.su/jcdn/minify?charset=*/videojs-share.$script,stylesheet,domain=jut.su",
    [
      52321
    ]
  ],
  [
    "@@||iconfinder.com/data/icons/$~third-party",
    [
      52322
    ]
  ],
  [
    "@@||iconizer.net/files/*_social_$image",
    [
      52323
    ]
  ],
  [
    "@@||iconspedia.com/icon/$image,~third-party",
    [
      52324
    ]
  ],
  [
    "@@||inscience.news/svc/getscript.aspx$script,~third-party",
    [
      52325
    ]
  ],
  [
    "@@||instagram.com/p/$subdocument,third-party",
    [
      52326
    ]
  ],
  [
    "@@||jsdelivr.net/npm/sharer.js",
    [
      52327
    ]
  ],
  [
    "@@||kinogoo.cc/engine/classes/min/index.php$~third-party,xmlhttprequest",
    [
      52328
    ]
  ],
  [
    "@@||livesicilia.it/wp-content/plugins/digistream/digiplayer/js/videojs-share.min.js?$script,~third-party",
    [
      52329
    ]
  ],
  [
    "@@||login.kataweb.it^*/sprite-social.png",
    [
      52330
    ]
  ],
  [
    "@@||logo.wine/a/logo/$image,~third-party",
    [
      52331
    ]
  ],
  [
    "@@||meltyblood.typelumina.com/resources/img/common/$image,~third-party",
    [
      52332
    ]
  ],
  [
    "@@||moneyweb.co.za^*/social-shares.min.js?",
    [
      52333
    ]
  ],
  [
    "@@||nhk.or.jp/common/sns/nol_share.js$script,~third-party",
    [
      52334
    ]
  ],
  [
    "@@||nuxt.com/_nuxt/SocialLinks.$script,~third-party",
    [
      52335
    ]
  ],
  [
    "@@||parlament.mt/scripts/easy-social-share.js",
    [
      52336
    ]
  ],
  [
    "@@||player.fm^*/social-icons/$image",
    [
      52337
    ]
  ],
  [
    "@@||pngrepo.com/png/$image,~third-party",
    [
      52338
    ]
  ],
  [
    "@@||politumor.ru/engine/classes/min/index.php?f=*/share42.js$script,~third-party",
    [
      52339
    ]
  ],
  [
    "@@||qds.it/wp-content/plugins/digistream/digiplayer/js/videojs-share.min.js?$script,~third-party",
    [
      52340
    ]
  ],
  [
    "@@||radio24.ilsole24ore.com/plugins/cordova-plugin-x-socialsharing/www/SocialSharing.js$script,~third-party",
    [
      52341
    ]
  ],
  [
    "@@||reactandshare.com/plugin/rns.js$domain=maanmittauslaitos.fi|verkkouutiset.fi",
    [
      52342
    ]
  ],
  [
    "@@||s7.addthis.com^*/addthis_widget.js$domain=mediamatters.org|politico.com",
    [
      52343
    ]
  ],
  [
    "@@||sharethis.com/button/buttons.js$domain=bristan.com",
    [
      52344
    ]
  ],
  [
    "@@||softicons.com/download/$image",
    [
      52345
    ]
  ],
  [
    "@@||srf.ch/socialview-in/$~third-party",
    [
      52346
    ]
  ],
  [
    "@@||static.addtoany.com/menu/page.js$script,domain=suttonquebec.com",
    [
      52347
    ]
  ],
  [
    "@@||static.parastorage.com/services/editor-elements/dist/facebookshare.$script,third-party",
    [
      52348
    ]
  ],
  [
    "@@||supremacy1914.com/fileadmin/templates/$~third-party",
    [
      52349
    ]
  ],
  [
    "@@||svgrepo.com/show/$image,~third-party",
    [
      52350
    ]
  ],
  [
    "@@||tf1.fr/public/*-share-$script,~third-party",
    [
      52351
    ]
  ],
  [
    "@@||tgcom24.mediaset.it/assets/js/amd/socialcount.js",
    [
      52352
    ]
  ],
  [
    "@@||tgstat.ru/js/share2/share.js$script,~third-party",
    [
      52353
    ]
  ],
  [
    "@@||thecity.m24.ru/css/ya-share.css",
    [
      52354
    ]
  ],
  [
    "@@||thecompany.pl/graf/icons/youtube.png",
    [
      52355
    ]
  ],
  [
    "@@||toneden.io/production/javascripts/social.js$script,~third-party",
    [
      52356
    ]
  ],
  [
    "@@||tosdr.org/logo/$image",
    [
      52357
    ]
  ],
  [
    "@@||tweet.mapping.jp/data/czml/tweets.json$~third-party",
    [
      52358
    ]
  ],
  [
    "@@||vpobede.ru/assets/images/footer-social/$~third-party,xmlhttprequest",
    [
      52359
    ]
  ],
  [
    "@@||wettercomassets.com/wcomv5/images/footer/$domain=wetter.com",
    [
      52360
    ]
  ],
  [
    "@@||yap.ru/html/static/share/$image,~third-party",
    [
      52361
    ]
  ],
  [
    "@@||yaplakal.com/html/static/$image,~third-party",
    [
      52362
    ]
  ],
  [
    "@@||yastatic.net/share2/share.js$script",
    [
      52363
    ]
  ]
]