[
  [
    "-push-notification.$domain=~github.com",
    [
      524478
    ]
  ],
  [
    "-push-notification/$domain=~github.com",
    [
      524479
    ]
  ],
  [
    "/accusmartwebpush-fire-push-public.js",
    [
      524480
    ]
  ],
  [
    "/al-fb-notification/assets/scripts/al-main-script.js",
    [
      524481
    ]
  ],
  [
    "/amp-user-notification-",
    [
      524482
    ]
  ],
  [
    "/amp-web-push-0.1.js",
    [
      524483
    ]
  ],
  [
    "/assets/www/notification.",
    [
      524484
    ]
  ],
  [
    "/build/push.js",
    [
      524485
    ]
  ],
  [
    "/checkPush.js",
    [
      524486
    ]
  ],
  [
    "/content/js/push.js",
    [
      524487
    ]
  ],
  [
    "/fcmPush.js",
    [
      524488
    ]
  ],
  [
    "/FeedifySW.js",
    [
      524489
    ]
  ],
  [
    "/flying_push.js",
    [
      524490
    ]
  ],
  [
    "/ilabspush.min.js",
    [
      524491
    ]
  ],
  [
    "/inpl.webpush.js",
    [
      524492
    ]
  ],
  [
    "/jquery-notification.js",
    [
      524493
    ]
  ],
  [
    "/jsb/pushnotifications?",
    [
      524494
    ]
  ],
  [
    "/list_notificaciones.php",
    [
      524495
    ]
  ],
  [
    "/maximizly-push.js",
    [
      524496
    ]
  ],
  [
    "/modules/notifications.$domain=~forum.vivaldi.net|~pasty.lus.pm",
    [
      524497
    ]
  ],
  [
    "/mp-web-notification.js",
    [
      524498
    ]
  ],
  [
    "/notification-prod-sw.js",
    [
      524499
    ]
  ],
  [
    "/notification-sw.js",
    [
      524500
    ]
  ],
  [
    "/notification/notify.js",
    [
      524501
    ]
  ],
  [
    "/notifyme.js",
    [
      524502
    ]
  ],
  [
    "/notifyme.min.js",
    [
      524503
    ]
  ],
  [
    "/one-signal.js",
    [
      524504
    ]
  ],
  [
    "/one-signal.min.js",
    [
      524505
    ]
  ],
  [
    "/onesignal.js",
    [
      524506
    ]
  ],
  [
    "/onesignal.min.",
    [
      524507
    ]
  ],
  [
    "/onesignal/manifest.",
    [
      524508
    ]
  ],
  [
    "/onesignalfix.js",
    [
      524509
    ]
  ],
  [
    "/OneSignalSDKUpdaterWorker.js",
    [
      524510
    ]
  ],
  [
    "/OneSignalSDKWorker.js",
    [
      524511
    ]
  ],
  [
    "/perfecty-push-sdk.min.js",
    [
      524512
    ]
  ],
  [
    "/plugins/tfnotifier-wp/swloader.php",
    [
      524513
    ]
  ],
  [
    "/push-notification.js",
    [
      524514
    ]
  ],
  [
    "/push-notification.min.js",
    [
      524515
    ]
  ],
  [
    "/push-notification/*$domain=~upwork.com",
    [
      524516
    ]
  ],
  [
    "/push-notifications.$~stylesheet",
    [
      524517
    ]
  ],
  [
    "/push-notifications/*",
    [
      524518
    ]
  ],
  [
    "/push-notifications?",
    [
      524519
    ]
  ],
  [
    "/push-sw.js",
    [
      524520
    ]
  ],
  [
    "/push-worker-$script",
    [
      524521
    ]
  ],
  [
    "/push-wrap.js",
    [
      524522
    ]
  ],
  [
    "/push/sbscr.js",
    [
      524523
    ]
  ],
  [
    "/push/sbscrp.js",
    [
      524524
    ]
  ],
  [
    "/push/subscribe.js",
    [
      524525
    ]
  ],
  [
    "/push_app.js",
    [
      524526
    ]
  ],
  [
    "/push_notification.js",
    [
      524527
    ]
  ],
  [
    "/push_notification.min.js",
    [
      524528
    ]
  ],
  [
    "/push_notification/*",
    [
      524529
    ]
  ],
  [
    "/push_notifications.js",
    [
      524530
    ]
  ],
  [
    "/push_subscription.js",
    [
      524531
    ]
  ],
  [
    "/pushes/firebase.js",
    [
      524532
    ]
  ],
  [
    "/pushes/notification.js",
    [
      524533
    ]
  ],
  [
    "/PushexSDK.js",
    [
      524534
    ]
  ],
  [
    "/pushly-sdk.min.js",
    [
      524535
    ]
  ],
  [
    "/pushNotification.js",
    [
      524536
    ]
  ],
  [
    "/pushNotifications.js",
    [
      524537
    ]
  ],
  [
    "/pushnotifications/*",
    [
      524538
    ]
  ],
  [
    "/pushNotificationSdkJS.js",
    [
      524539
    ]
  ],
  [
    "/pushpro-lib.js",
    [
      524540
    ]
  ],
  [
    "/pushsubscribe.js",
    [
      524541
    ]
  ],
  [
    "/pushup-notification/push-app.js",
    [
      524542
    ]
  ],
  [
    "/pushup-notification/push-messaging.js",
    [
      524543
    ]
  ],
  [
    "/pushv2.js",
    [
      524544
    ]
  ],
  [
    "/pushwoosh-service-worker.js",
    [
      524545
    ]
  ],
  [
    "/pushwoosh-web-notifications.js",
    [
      524546
    ]
  ],
  [
    "/pushwoosh-web-pushes-http-sdk.js",
    [
      524547
    ]
  ],
  [
    "/pushy-ver.js",
    [
      524548
    ]
  ],
  [
    "/scripts/onesignal.js",
    [
      524549
    ]
  ],
  [
    "/site-notification-desk.min.js",
    [
      524550
    ]
  ],
  [
    "/smio-push-notification/js/frontend_webpush.js",
    [
      524551
    ]
  ],
  [
    "/subscribe-push-notifications.js",
    [
      524552
    ]
  ],
  [
    "/web-push-notifications.js",
    [
      524553
    ]
  ],
  [
    "/web-push.js",
    [
      524554
    ]
  ],
  [
    "/web-push/init.min.js",
    [
      524555
    ]
  ],
  [
    "/webalert-notification.js",
    [
      524556
    ]
  ],
  [
    "/webnotf.js",
    [
      524557
    ]
  ],
  [
    "/webnotification.js",
    [
      524558
    ]
  ],
  [
    "/webpush-production.js",
    [
      524559
    ]
  ],
  [
    "/webpush.js",
    [
      524560
    ]
  ],
  [
    "/webpush.min.js",
    [
      524561
    ]
  ],
  [
    "/webpush_register.php",
    [
      524562
    ]
  ],
  [
    "/webPushNotifications.js",
    [
      524563
    ]
  ],
  [
    "/wonderpush-loader.min.js",
    [
      524564
    ]
  ],
  [
    "/wonderpush.js",
    [
      524565
    ]
  ],
  [
    "/wonderpush.min.js",
    [
      524566
    ]
  ],
  [
    "/wordpress-fire-push-public.js",
    [
      524567
    ]
  ],
  [
    "/wp-notification-bars-public.js",
    [
      524568
    ]
  ],
  [
    "/app-banner/*$xmlhttprequest",
    [
      524569
    ]
  ],
  [
    "/jquery.androidbanner.js",
    [
      524570
    ]
  ],
  [
    "/js-mobile-*/header_$script",
    [
      524571
    ]
  ],
  [
    "/js/jquery.smartbanner.js|",
    [
      524572
    ]
  ],
  [
    "/js/jquery.smartbanner.min.js|",
    [
      524573
    ]
  ],
  [
    "/mobile-welcome-overlay/*$script",
    [
      524574
    ]
  ],
  [
    "/smart-app-banner.js",
    [
      524575
    ]
  ],
  [
    "||api-push.com^$third-party",
    [
      524576
    ]
  ],
  [
    "||azureedge.net/js/cookie_notificacao.min.js",
    [
      524577
    ]
  ],
  [
    "||bildirnet.com^$third-party",
    [
      524578
    ]
  ],
  [
    "||braze.com^$third-party",
    [
      524579
    ]
  ],
  [
    "||cappushino.com^$third-party",
    [
      524580
    ]
  ],
  [
    "||cdn.qgr.ph^$third-party",
    [
      524581
    ]
  ],
  [
    "||cdn.qgraph.io^$third-party",
    [
      524582
    ]
  ],
  [
    "||centrnotify.com^$third-party",
    [
      524583
    ]
  ],
  [
    "||checke.biz^$third-party",
    [
      524584
    ]
  ],
  [
    "||confirmit.com^$third-party",
    [
      524585
    ]
  ],
  [
    "||conforama-push.com^$third-party",
    [
      524586
    ]
  ],
  [
    "||contentsitesrv.com/js/push/$third-party",
    [
      524587
    ]
  ],
  [
    "||css.xjsx.lol^$third-party",
    [
      524588
    ]
  ],
  [
    "||digipush.io^$third-party",
    [
      524589
    ]
  ],
  [
    "||dpns-notifications.com^$third-party",
    [
      524590
    ]
  ],
  [
    "||easyfeeed.com^$third-party",
    [
      524591
    ]
  ],
  [
    "||evolok.net^$third-party",
    [
      524592
    ]
  ],
  [
    "||farteniuson.com^$third-party",
    [
      524593
    ]
  ],
  [
    "||getnotification.me^$third-party",
    [
      524594
    ]
  ],
  [
    "||irpush.com^$third-party",
    [
      524595
    ]
  ],
  [
    "||jubi.ai/buttonbot/$script,third-party",
    [
      524596
    ]
  ],
  [
    "||krakenoptimize.com^$third-party",
    [
      524597
    ]
  ],
  [
    "||luravius.com^$third-party",
    [
      524598
    ]
  ],
  [
    "||medallia.com^*/onsite/embed.js",
    [
      524599
    ]
  ],
  [
    "||neopush.io^$third-party",
    [
      524600
    ]
  ],
  [
    "||news2day.me^$third-party",
    [
      524601
    ]
  ],
  [
    "||notification-time.com^$third-party",
    [
      524602
    ]
  ],
  [
    "||notification.tubecup.net^",
    [
      524603
    ]
  ],
  [
    "||notifications.ltd^$third-party",
    [
      524604
    ]
  ],
  [
    "||notifikuj.cz^$third-party",
    [
      524605
    ]
  ],
  [
    "||notifstation.com^$third-party",
    [
      524606
    ]
  ],
  [
    "||notix.io^$third-party",
    [
      524607
    ]
  ],
  [
    "||ntvsw.com^$third-party",
    [
      524608
    ]
  ],
  [
    "||partishion.com^$third-party",
    [
      524609
    ]
  ],
  [
    "||pathlime.com^$third-party",
    [
      524610
    ]
  ],
  [
    "||popmechanic.ru^$third-party",
    [
      524611
    ]
  ],
  [
    "||propush.net^$third-party",
    [
      524612
    ]
  ],
  [
    "||pt.appirits.com^$third-party",
    [
      524613
    ]
  ],
  [
    "||puscomosca.com^$third-party",
    [
      524614
    ]
  ],
  [
    "||push-centr.com^$third-party",
    [
      524615
    ]
  ],
  [
    "||push-centr.net^$third-party",
    [
      524616
    ]
  ],
  [
    "||push-engage.com^$third-party",
    [
      524617
    ]
  ],
  [
    "||push-notifications.top^$third-party",
    [
      524618
    ]
  ],
  [
    "||push-pro.net^$third-party",
    [
      524619
    ]
  ],
  [
    "||push.asahiinteractive.com^",
    [
      524620
    ]
  ],
  [
    "||push.bytesignal.com^",
    [
      524621
    ]
  ],
  [
    "||push.daksham.in^$third-party",
    [
      524622
    ]
  ],
  [
    "||push.delivery.ethinking.de^",
    [
      524623
    ]
  ],
  [
    "||push.delivery^$third-party",
    [
      524624
    ]
  ],
  [
    "||push.esputnik.com^",
    [
      524625
    ]
  ],
  [
    "||push.getbeamer.com^",
    [
      524626
    ]
  ],
  [
    "||push.knd.ro^",
    [
      524627
    ]
  ],
  [
    "||push.newscraft.io^",
    [
      524628
    ]
  ],
  [
    "||push.reamaze.com^",
    [
      524629
    ]
  ],
  [
    "||push.rollout.io^$third-party",
    [
      524630
    ]
  ],
  [
    "||push.world^$third-party",
    [
      524631
    ]
  ],
  [
    "||pushaddict.com^$third-party",
    [
      524632
    ]
  ],
  [
    "||pushango.com^$third-party",
    [
      524633
    ]
  ],
  [
    "||pushassist.com^$third-party",
    [
      524634
    ]
  ],
  [
    "||pushaya.com^$third-party",
    [
      524635
    ]
  ],
  [
    "||pushbaza.com^$third-party",
    [
      524636
    ]
  ],
  [
    "||pushbots.com^$third-party",
    [
      524637
    ]
  ],
  [
    "||pushbox.info^$third-party",
    [
      524638
    ]
  ],
  [
    "||pushcentr.com^$third-party",
    [
      524639
    ]
  ],
  [
    "||pushchev.info^$third-party",
    [
      524640
    ]
  ],
  [
    "||pushcrew.com^$third-party",
    [
      524641
    ]
  ],
  [
    "||pushdealer.com^$third-party",
    [
      524642
    ]
  ],
  [
    "||pushe.co^$third-party",
    [
      524643
    ]
  ],
  [
    "||pusherapp.com^$third-party",
    [
      524644
    ]
  ],
  [
    "||pushinpage.com^$third-party",
    [
      524645
    ]
  ],
  [
    "||pushinstruments.com^$third-party",
    [
      524646
    ]
  ],
  [
    "||pushio.com^$third-party",
    [
      524647
    ]
  ],
  [
    "||pushjunky.com^$third-party",
    [
      524648
    ]
  ],
  [
    "||pushkahouse.com^$third-party",
    [
      524649
    ]
  ],
  [
    "||pushkaplus.com^$third-party",
    [
      524650
    ]
  ],
  [
    "||pushly.com^$third-party",
    [
      524651
    ]
  ],
  [
    "||pushmaster-cdn.xyz^$third-party",
    [
      524652
    ]
  ],
  [
    "||pushmejs.com^$third-party",
    [
      524653
    ]
  ],
  [
    "||pushnews.eu^$third-party",
    [
      524654
    ]
  ],
  [
    "||pushnotifications.click^$third-party",
    [
      524655
    ]
  ],
  [
    "||pushouse.com^$third-party",
    [
      524656
    ]
  ],
  [
    "||pushowl.com^$third-party",
    [
      524657
    ]
  ],
  [
    "||pushpad.xyz^$third-party",
    [
      524658
    ]
  ],
  [
    "||pushpanda.io^$third-party",
    [
      524659
    ]
  ],
  [
    "||pushpro.io^$third-party",
    [
      524660
    ]
  ],
  [
    "||pushprofit.ru^$third-party",
    [
      524661
    ]
  ],
  [
    "||pushprospush.com^$third-party",
    [
      524662
    ]
  ],
  [
    "||pushpushgo.com^$third-party",
    [
      524663
    ]
  ],
  [
    "||pushstack.it^$third-party",
    [
      524664
    ]
  ],
  [
    "||pushtide.com^$third-party",
    [
      524665
    ]
  ],
  [
    "||pushvip.ru^$third-party",
    [
      524666
    ]
  ],
  [
    "||pushwhy.com^$third-party",
    [
      524667
    ]
  ],
  [
    "||pushy.ai^$third-party",
    [
      524668
    ]
  ],
  [
    "||quarepush.com^$third-party",
    [
      524669
    ]
  ],
  [
    "||quaruzon.com^$third-party",
    [
      524670
    ]
  ],
  [
    "||realpush.media^$third-party",
    [
      524671
    ]
  ],
  [
    "||realpush.network^$third-party",
    [
      524672
    ]
  ],
  [
    "||revpusher.com^$third-party",
    [
      524673
    ]
  ],
  [
    "||sckxppzdm.com^$third-party",
    [
      524674
    ]
  ],
  [
    "||signaly.co^$third-party",
    [
      524675
    ]
  ],
  [
    "||snrcdn.net^$third-party",
    [
      524676
    ]
  ],
  [
    "||spacepush.ru^$third-party",
    [
      524677
    ]
  ],
  [
    "||system-notify.app^$third-party",
    [
      524678
    ]
  ],
  [
    "||ternairsoftware.com/publicwebpush/",
    [
      524679
    ]
  ],
  [
    "||topswp.com^$third-party",
    [
      524680
    ]
  ],
  [
    "||unative.com^$third-party",
    [
      524681
    ]
  ],
  [
    "||viafoura.net/push_handlers.js",
    [
      524682
    ]
  ],
  [
    "||virtualpushplatform.com^$third-party",
    [
      524683
    ]
  ],
  [
    "||webpush.jp^$third-party",
    [
      524684
    ]
  ],
  [
    "||webpushr.com^$third-party",
    [
      524685
    ]
  ],
  [
    "||webpushs.com^$third-party",
    [
      524686
    ]
  ],
  [
    "||whitepush.biz^$third-party",
    [
      524687
    ]
  ],
  [
    "||worldpush.co^$third-party",
    [
      524688
    ]
  ],
  [
    "||wps.relateddigital.com^$third-party",
    [
      524689
    ]
  ],
  [
    "||wpush.biz^$third-party",
    [
      524690
    ]
  ],
  [
    "||wpushsdk.com^$third-party",
    [
      524691
    ]
  ],
  [
    "||xedo.me^$third-party",
    [
      524692
    ]
  ],
  [
    "||youlead.pl/webpushprompt.js",
    [
      524693
    ]
  ],
  [
    "||accengage.net^$third-party",
    [
      524694
    ]
  ],
  [
    "||actirinius.com^$third-party",
    [
      524695
    ]
  ],
  [
    "||aimtell.com^$third-party",
    [
      524696
    ]
  ],
  [
    "||alertme.news^$third-party",
    [
      524697
    ]
  ],
  [
    "||amazonaws.com/cdn.aimtell.com/",
    [
      524698
    ]
  ],
  [
    "||aswpsdkeu.com^$third-party",
    [
      524699
    ]
  ],
  [
    "||aswpsdkus.com^$third-party",
    [
      524700
    ]
  ],
  [
    "||bildirt.com^$third-party",
    [
      524701
    ]
  ],
  [
    "||bosspush.com^$third-party",
    [
      524702
    ]
  ],
  [
    "||browserpusher.com^$third-party",
    [
      524703
    ]
  ],
  [
    "||cdn-sitegainer.com^$third-party",
    [
      524704
    ]
  ],
  [
    "||cleverpush.com^$third-party",
    [
      524705
    ]
  ],
  [
    "||copush.com^$third-party",
    [
      524706
    ]
  ],
  [
    "||cracataum.com^$third-party",
    [
      524707
    ]
  ],
  [
    "||danorenius.com^$third-party",
    [
      524708
    ]
  ],
  [
    "||digitalpush.org^$third-party",
    [
      524709
    ]
  ],
  [
    "||edrone.me^$third-party",
    [
      524710
    ]
  ],
  [
    "||face-push.com^$third-party",
    [
      524711
    ]
  ],
  [
    "||feedify.net^$third-party",
    [
      524712
    ]
  ],
  [
    "||feraciumus.com^$third-party",
    [
      524713
    ]
  ],
  [
    "||fernomius.com^$third-party",
    [
      524714
    ]
  ],
  [
    "||fkondate.com^$third-party",
    [
      524715
    ]
  ],
  [
    "||foxpush.com^$third-party",
    [
      524716
    ]
  ],
  [
    "||foxpush.net^$third-party",
    [
      524717
    ]
  ],
  [
    "||getback.ch^$third-party",
    [
      524718
    ]
  ],
  [
    "||getpush.net^$third-party",
    [
      524719
    ]
  ],
  [
    "||getpushmonkey.com^$third-party",
    [
      524720
    ]
  ],
  [
    "||gravitec.net^$third-party",
    [
      524721
    ]
  ],
  [
    "||heroesdom.com^$third-party",
    [
      524722
    ]
  ],
  [
    "||jeeng.com^$third-party",
    [
      524723
    ]
  ],
  [
    "||kattepush.com^$third-party",
    [
      524724
    ]
  ],
  [
    "||master-push.com^$third-party",
    [
      524725
    ]
  ],
  [
    "||master-push.net^$third-party",
    [
      524726
    ]
  ],
  [
    "||misrepush.com^$third-party",
    [
      524727
    ]
  ],
  [
    "||moengage.com^$third-party",
    [
      524728
    ]
  ],
  [
    "||mp3vizor.com^$third-party",
    [
      524729
    ]
  ],
  [
    "||najva.com^$third-party",
    [
      524730
    ]
  ],
  [
    "||nativesubscribe.pro^$third-party",
    [
      524731
    ]
  ],
  [
    "||notifadz.com^$third-party",
    [
      524732
    ]
  ],
  [
    "||notifpush.com^$third-party",
    [
      524733
    ]
  ],
  [
    "||notify.solutions^$third-party",
    [
      524734
    ]
  ],
  [
    "||olgtex.com^$third-party",
    [
      524735
    ]
  ],
  [
    "||on-push.com^$third-party",
    [
      524736
    ]
  ],
  [
    "||onepush.app^$third-party",
    [
      524737
    ]
  ],
  [
    "||provesrc.com^$third-party",
    [
      524738
    ]
  ],
  [
    "||psh.one^$third-party",
    [
      524739
    ]
  ],
  [
    "||push-ad.com^$third-party",
    [
      524740
    ]
  ],
  [
    "||push-free.com^$third-party",
    [
      524741
    ]
  ],
  [
    "||push-house.net^$third-party",
    [
      524742
    ]
  ],
  [
    "||pushalert.co^$third-party",
    [
      524743
    ]
  ],
  [
    "||pushbird.com^$third-party",
    [
      524744
    ]
  ],
  [
    "||pushbullet.com^$third-party",
    [
      524745
    ]
  ],
  [
    "||pushengage.com^$third-party",
    [
      524746
    ]
  ],
  [
    "||pushex.io^$third-party",
    [
      524747
    ]
  ],
  [
    "||pushible.com^$third-party",
    [
      524748
    ]
  ],
  [
    "||pushify.com^$third-party",
    [
      524749
    ]
  ],
  [
    "||pushwoosh.com^$third-party",
    [
      524750
    ]
  ],
  [
    "||reprocautious.com^$third-party",
    [
      524751
    ]
  ],
  [
    "||sendpulse.com^$third-party",
    [
      524752
    ]
  ],
  [
    "||setrowid.com^$third-party",
    [
      524753
    ]
  ],
  [
    "||shroughtened.com^$third-party",
    [
      524754
    ]
  ],
  [
    "||sm-epsilon.com^$third-party",
    [
      524755
    ]
  ],
  [
    "||snd.tc^$third-party",
    [
      524756
    ]
  ],
  [
    "||subscribers.com^$third-party",
    [
      524757
    ]
  ],
  [
    "||truenat.bid^$third-party",
    [
      524758
    ]
  ],
  [
    "||truepush.com^$third-party",
    [
      524759
    ]
  ],
  [
    "||urbanairship.com^$third-party",
    [
      524760
    ]
  ],
  [
    "||viapush.com^$third-party",
    [
      524761
    ]
  ],
  [
    "||webpu.sh^$third-party",
    [
      524762
    ]
  ],
  [
    "||whiteclick.biz^$third-party",
    [
      524763
    ]
  ],
  [
    "||wnpbdan.bid^$third-party",
    [
      524764
    ]
  ],
  [
    "||wonderpush.com^$third-party",
    [
      524765
    ]
  ],
  [
    "||wwclicknews.club^$third-party",
    [
      524766
    ]
  ],
  [
    "||wwclicktm.club^$third-party",
    [
      524767
    ]
  ],
  [
    "||xtremepush.com^$third-party",
    [
      524768
    ]
  ],
  [
    "||app.adjust.net.in/smart_banner",
    [
      524769
    ]
  ],
  [
    "||mobi24.net^$third-party",
    [
      524770
    ]
  ],
  [
    "/firebase-messaging.js$script,domain=tribunnews.com",
    [
      524771
    ]
  ],
  [
    "||9to5terminal.com/push.js",
    [
      524772
    ]
  ],
  [
    "||abendpoint.com/dist/js/push.js",
    [
      524773
    ]
  ],
  [
    "||alerts.ndtv.com^",
    [
      524774
    ]
  ],
  [
    "||alerts.thedailystar.net^",
    [
      524775
    ]
  ],
  [
    "||alibaba.com/sw.js",
    [
      524776
    ]
  ],
  [
    "||annahar.com/assets/js/notifications.js",
    [
      524777
    ]
  ],
  [
    "||astian.org/?push_notification_sw",
    [
      524778
    ]
  ],
  [
    "||bdstatic.com/linksubmit/push.js",
    [
      524779
    ]
  ],
  [
    "||dailymail.co.uk/api/web-push-notification/",
    [
      524780
    ]
  ],
  [
    "||gadgetsnow.com/sw.cms",
    [
      524781
    ]
  ],
  [
    "||gstatic.com/firebasejs/$domain=joins.com|packaginginsights.com",
    [
      524782
    ]
  ],
  [
    "||hindustantimes.com/messaging-sw.js",
    [
      524783
    ]
  ],
  [
    "||hindustantimes.com/sw.js",
    [
      524784
    ]
  ],
  [
    "||hindustantimes.com^*/ht-notification-",
    [
      524785
    ]
  ],
  [
    "||hulkprod.anm.co.uk/api/web-push-notification/",
    [
      524786
    ]
  ],
  [
    "||imyfone.com/*/notification/$script",
    [
      524787
    ]
  ],
  [
    "||indiatimes.com/pn/",
    [
      524788
    ]
  ],
  [
    "||iol.co.za/sw.js",
    [
      524789
    ]
  ],
  [
    "||kogan.com/sw.js",
    [
      524790
    ]
  ],
  [
    "||latestdeals.co.uk/sw.js",
    [
      524791
    ]
  ],
  [
    "||msn.com/bundles/v1/homePage/latest/experiences_conditional-banner",
    [
      524792
    ]
  ],
  [
    "||ndtv.com/js/breaking_pushalert_revised.js",
    [
      524793
    ]
  ],
  [
    "||ndtv.com/sw.js",
    [
      524794
    ]
  ],
  [
    "||newsukraine.rbc.ua/sworker.js",
    [
      524795
    ]
  ],
  [
    "||nookazon.com/firebase-messaging-sw.js",
    [
      524796
    ]
  ],
  [
    "||notify.hindustantimes.com^",
    [
      524797
    ]
  ],
  [
    "||phys.org/push-sw.js",
    [
      524798
    ]
  ],
  [
    "||push.cnnindonesia.com^",
    [
      524799
    ]
  ],
  [
    "||push.ictsd.org^",
    [
      524800
    ]
  ],
  [
    "||renaultsport.com/spip.php?page=sw.js",
    [
      524801
    ]
  ],
  [
    "||rottentomatoes.com/service-worker/sw.js",
    [
      524802
    ]
  ],
  [
    "||rt.com/homescreen-sw.js",
    [
      524803
    ]
  ],
  [
    "||sammobile.com/wp-content/plugins/sam-push-notifications/",
    [
      524804
    ]
  ],
  [
    "||scmp.com/sw.js",
    [
      524805
    ]
  ],
  [
    "||seattletimes.com/wp-content/plugins/st-user-messaging/$script",
    [
      524806
    ]
  ],
  [
    "||sportskeeda.com/js/production/web-notifications/",
    [
      524807
    ]
  ],
  [
    "||techwalla.com/push-service-worker.js",
    [
      524808
    ]
  ],
  [
    "||telegraphindia.com/akam-sw.js",
    [
      524809
    ]
  ],
  [
    "||timesnownews.com/sw.js",
    [
      524810
    ]
  ],
  [
    "||ultimedia.com/js/common/notification.js",
    [
      524811
    ]
  ],
  [
    "||weather.com/*.MedalliaSurvey.",
    [
      524812
    ]
  ],
  [
    "||0564.ua/assets/d6ade384/js/alertsWidget.js",
    [
      524813
    ]
  ],
  [
    "||ad-hoc-news.de/js/push.js",
    [
      524814
    ]
  ],
  [
    "||agazeta.com.br/assets/javascript/notification.js",
    [
      524815
    ]
  ],
  [
    "||cnnindonesia.com/sw.js",
    [
      524816
    ]
  ],
  [
    "||dcnews.ro/sm-",
    [
      524817
    ]
  ],
  [
    "||elpais.com.uy/utms.js",
    [
      524818
    ]
  ],
  [
    "||flashscore.fr^*/build/notifications.",
    [
      524819
    ]
  ],
  [
    "||futura-sciences.com/clientscript/push.js",
    [
      524820
    ]
  ],
  [
    "||horoscope.fr/notifications/",
    [
      524821
    ]
  ],
  [
    "||informazione.it/wr/promo-miainfo.js",
    [
      524822
    ]
  ],
  [
    "||metrobilbao.eus/firebase-messaging-sw.js",
    [
      524823
    ]
  ],
  [
    "||push.idowa.de^",
    [
      524824
    ]
  ],
  [
    "||push.neko-san.fr^",
    [
      524825
    ]
  ],
  [
    "||pushme.magellanotech.it^",
    [
      524826
    ]
  ],
  [
    "||tio.ch/js/api.push.js",
    [
      524827
    ]
  ],
  [
    "||tutto.tv/wp-content/plugins/plugin-notifiche-",
    [
      524828
    ]
  ],
  [
    "||uchubiz.com/wp-content/themes/uchubiz/assets/js/push.js",
    [
      524829
    ]
  ],
  [
    "||winnipegfreepress.com/firebase-messaging-sw.js",
    [
      524830
    ]
  ],
  [
    "||static.chrono24.com/lib/generated/js/app-hint-layer.",
    [
      524831
    ]
  ],
  [
    "||tapcart.com/mobile-download-banner/banner-min.js",
    [
      524832
    ]
  ],
  [
    "@@||bostonherald.com^*/webpush.js$script,~third-party",
    [
      524833
    ]
  ],
  [
    "@@||braze.com/api/$domain=dairyqueen.com|deezer.com",
    [
      524834
    ]
  ],
  [
    "@@||forums.opera.com/assets/src/modules/notifications.js$~third-party",
    [
      524835
    ]
  ],
  [
    "@@||inevent.com/js/wizard/pushNotification.js$script,~third-party",
    [
      524836
    ]
  ],
  [
    "@@||learner.mycreds.ca/assets/js/modules/notifications.min.js$~third-party",
    [
      524837
    ]
  ],
  [
    "@@||ledevoir.com/js/web-push.js$script,~third-party",
    [
      524838
    ]
  ],
  [
    "@@||oakley.com^*/notifications.js$~third-party",
    [
      524839
    ]
  ],
  [
    "@@||paste.crdroid.net/assets/js/modules/notifications.js$script,~third-party",
    [
      524840
    ]
  ],
  [
    "@@||snrcdn.net/sdk/3.0/synerise-javascript-sdk.min.js$domain=komputronik.pl",
    [
      524841
    ]
  ],
  [
    "@@||st.mycdn.me/static/*/WebPush.js$script,domain=ok.ru",
    [
      524842
    ]
  ],
  [
    "@@||webpush.jp/js/browserpushv3.js$domain=zakzak.co.jp",
    [
      524843
    ]
  ],
  [
    "@@||anadolu.edu.tr/assets/js/jquery.smartbanner.js$~third-party",
    [
      524844
    ]
  ],
  [
    "@@||assure.ameli.fr^*/smart-app-banner.js$~third-party",
    [
      524845
    ]
  ],
  [
    "@@||mafia.ua/js/jquery.smartbanner.js$script,~third-party",
    [
      524846
    ]
  ],
  [
    "@@||mirage.ru/js/jquery.smartbanner.js$script,~third-party",
    [
      524847
    ]
  ]
]