[
  [
    "sleeknotestaticcontent.sleeknote.com",
    [
      1037593
    ]
  ],
  [
    "||js.driftt.com/include$script",
    [
      1037594
    ]
  ],
  [
    "||assets.ubembed.com/universal$script",
    [
      1037595
    ]
  ],
  [
    "||lightboxcdn.com/vendor$script",
    [
      1037596
    ]
  ],
  [
    "||mailocator.net/_/$script",
    [
      1037597
    ]
  ],
  [
    "cdn1.pdmntn.com",
    [
      1037598
    ]
  ],
  [
    "||static.mailerlite.com/js$script",
    [
      1037599
    ]
  ],
  [
    "||pmdstatic.net/bundle.php$script",
    [
      1037600
    ]
  ],
  [
    "||front.optimonk.com/public/$script",
    [
      1037601
    ]
  ],
  [
    "/wp-content/plugins/newsletter-leads",
    [
      1037602
    ]
  ],
  [
    "||downloads.mailchimp.com/js/signup-forms$script",
    [
      1037603
    ]
  ],
  [
    "||conduit.mailchimpapp.com/js/stores$script",
    [
      1037604
    ]
  ],
  [
    "||a.optmnstr.com/app/js/$script",
    [
      1037605
    ]
  ],
  [
    "||getsocial.io/client$script",
    [
      1037606
    ]
  ],
  [
    "||static.ctctcdn.com/js/signup-form-widget$script,domain=~centerforhealthsecurity.org",
    [
      1037607
    ]
  ],
  [
    "||cdn.justuno.com/mwgt$script",
    [
      1037608
    ]
  ],
  [
    "||a.mailmunch.co/app/$script",
    [
      1037609
    ]
  ],
  [
    "/newsletterPopup.js",
    [
      1037610
    ]
  ],
  [
    "/pmgnews/overlay/newsletter",
    [
      1037611
    ]
  ],
  [
    "||dotmailer-surveys.com/scripts/survey.js$script",
    [
      1037612
    ]
  ],
  [
    "||yieldify.com/yieldify/code.js$script",
    [
      1037613
    ]
  ],
  [
    "||widget.privy.com/assets/widget.js$script",
    [
      1037614
    ]
  ],
  [
    "sumo.b-cdn.net",
    [
      1037615
    ]
  ],
  [
    "||connect.nosto.com/include$script",
    [
      1037616
    ]
  ],
  [
    "||chimpstatic.com/mcjs-connected/js/users$script",
    [
      1037617
    ]
  ],
  [
    "||assets.pcrl.co/js/$script",
    [
      1037618
    ]
  ],
  [
    "/wp-content/plugins/email-subscribers/widget/es-widget-page.js",
    [
      1037619
    ]
  ],
  [
    "||youlead.pl/Scripts/Dynamic.js$script",
    [
      1037620
    ]
  ],
  [
    "||m8.mailplus.nl/genericservice$script",
    [
      1037621
    ]
  ],
  [
    "||restapi.mailplus.nl/integrationservice$script",
    [
      1037622
    ]
  ],
  [
    "||snrcdn.net/sdk/$script",
    [
      1037623
    ]
  ],
  [
    "||cdn.dynamicyield.com/api$script,domain=~haix.de|~bancofalabella.cl|~gymshark.com",
    [
      1037624
    ]
  ],
  [
    "||static.newsletter2go.com/utils.js$script",
    [
      1037625
    ]
  ],
  [
    "/widget/ecNewsletterPopup/*",
    [
      1037626
    ]
  ],
  [
    "||a.optmstr.com/app/js/$script",
    [
      1037627
    ]
  ],
  [
    "||api.autopilothq.com/anywhere/$script",
    [
      1037628
    ]
  ],
  [
    "||c.salecycle.com/osr/config$script",
    [
      1037629
    ]
  ],
  [
    "/wp-content/plugins/thrive-leads/*$domain=~itnator.net",
    [
      1037630
    ]
  ],
  [
    "/wp-content/plugins/bloom/*",
    [
      1037631
    ]
  ],
  [
    "||js.hsleadflows.net/leadflows.js$script",
    [
      1037632
    ]
  ],
  [
    "/clientlib-newsletter.js",
    [
      1037633
    ]
  ],
  [
    "||c.lytics.io/static/pathfora$script",
    [
      1037634
    ]
  ],
  [
    "email-signup-form-popup.js",
    [
      1037635
    ]
  ],
  [
    "||netpeak.cloud/source/js$script",
    [
      1037636
    ]
  ],
  [
    "||bunting.com/call$script",
    [
      1037637
    ]
  ],
  [
    "||cdn.connectif.cloud/cl1/client-script/$script",
    [
      1037638
    ]
  ],
  [
    "/essb-optin-booster.js",
    [
      1037639
    ]
  ],
  [
    "f.convertkit.com",
    [
      1037640
    ]
  ],
  [
    "api.morningcatch.net",
    [
      1037641
    ]
  ],
  [
    "||shopify.privy.com/widget.js$script",
    [
      1037642
    ]
  ],
  [
    "load.sumo.com",
    [
      1037643
    ]
  ],
  [
    "||cdn.listrakbi.com/scripts/script.js$script",
    [
      1037644
    ]
  ],
  [
    "/wp-content/plugins/dreamgrow-scroll-triggered-box/*",
    [
      1037645
    ]
  ],
  [
    "||d3bo67muzbfgtl.cloudfront.net/edrone$script",
    [
      1037646
    ]
  ],
  [
    "/newsletter_modals.min.",
    [
      1037647
    ]
  ],
  [
    "my.hellobar.com",
    [
      1037648
    ]
  ],
  [
    "||screenpopper.com/s-hub$script",
    [
      1037649
    ]
  ],
  [
    "||static.scarabresearch.com/wpjs$script",
    [
      1037650
    ]
  ],
  [
    "||cdn.swellrewards.com/loader$script",
    [
      1037651
    ]
  ],
  [
    "||lifterpopup.com/js/modal.js$script",
    [
      1037652
    ]
  ],
  [
    "||lpages.co/leadbox$script",
    [
      1037653
    ]
  ],
  [
    "||cdn.crall.io/t/client.js$script",
    [
      1037654
    ]
  ],
  [
    "||a.opmnstr.com/app/js/$script",
    [
      1037655
    ]
  ],
  [
    "||app2.salesmanago.pl/dynamic$script",
    [
      1037656
    ]
  ],
  [
    "||se.monetate.net/js/$script",
    [
      1037657
    ]
  ],
  [
    "||cdn.blueconic.net/hearst.js$script",
    [
      1037658
    ]
  ],
  [
    "/js/website/modal-newsletter~rc-module-newsletter",
    [
      1037659
    ]
  ],
  [
    "||cdn.omniconvert.com/js$script",
    [
      1037660
    ]
  ],
  [
    "||cdn.omniconvert.com/async/js$script",
    [
      1037661
    ]
  ],
  [
    "/frosmo.easy.js",
    [
      1037662
    ]
  ],
  [
    "||static-sb.com/js/sb-tracker.js$script",
    [
      1037663
    ]
  ],
  [
    "||mailmojo.no/sdk.js$script",
    [
      1037664
    ]
  ],
  [
    "/wp-content/popupally-pro-scripts",
    [
      1037665
    ]
  ],
  [
    "||media-inea.ipresso.pl/monitoridentification$script",
    [
      1037666
    ]
  ],
  [
    "/wp-content/plugins/mailoptin/*",
    [
      1037667
    ]
  ],
  [
    "||a.optnmnstr.com/app/js/$script",
    [
      1037668
    ]
  ],
  [
    "||static.popmechanic.ru/service/loader.js$script",
    [
      1037669
    ]
  ],
  [
    "static.zotabox.com",
    [
      1037670
    ]
  ],
  [
    "||marketbeat.com/scripts/modal/affiliatepopup.js$script",
    [
      1037671
    ]
  ],
  [
    "||widget.pico.tools/static/js/bundle.js$script",
    [
      1037672
    ]
  ],
  [
    "||powr.io/powr.js$script",
    [
      1037673
    ]
  ],
  [
    "/wp-content/plugins/layered-popups/*",
    [
      1037674
    ]
  ],
  [
    "/wp-content/plugins/mailchimp-for-wp/*",
    [
      1037675
    ]
  ],
  [
    "||bounceexchange.com/tag$script",
    [
      1037676
    ]
  ],
  [
    "tag.bounceexchange.com",
    [
      1037677
    ]
  ],
  [
    "||leadpages.net/leadboxes/current$script",
    [
      1037678
    ]
  ],
  [
    "||flodesk.com/universal$script",
    [
      1037679
    ]
  ],
  [
    "||activehosted.com/f/embed.php$script,domain=~renegade.global",
    [
      1037680
    ]
  ],
  [
    "/wp-content/plugins/99robots-optin-fire/*",
    [
      1037681
    ]
  ],
  [
    "||getresponse.com/view_webform$script",
    [
      1037682
    ]
  ],
  [
    "/gr-popups$script",
    [
      1037683
    ]
  ],
  [
    "||get.exitintel.com/load.js$script",
    [
      1037684
    ]
  ],
  [
    "/popup-by-supsystic/*",
    [
      1037685
    ]
  ],
  [
    "||cdn.jst.ai/mwgt$script",
    [
      1037686
    ]
  ],
  [
    "||milotree.com/container$script",
    [
      1037687
    ]
  ],
  [
    "/zaius-min.js",
    [
      1037688
    ]
  ],
  [
    "/wp-content/plugins/convertplug/*$~image",
    [
      1037689
    ]
  ],
  [
    "/wp-content/plugins/optin-monster/*",
    [
      1037690
    ]
  ],
  [
    ".wisepops.com/get-loader.js",
    [
      1037691
    ]
  ],
  [
    "api.exponea.com",
    [
      1037692
    ]
  ],
  [
    "/ouibounce.min.js",
    [
      1037693
    ]
  ],
  [
    "||bluecore.com/triggermail$script",
    [
      1037694
    ]
  ],
  [
    "||cloudiq.com/tag$script",
    [
      1037695
    ]
  ],
  [
    "||leadpages.net/leadbars/current/embed.js$script",
    [
      1037696
    ]
  ],
  [
    "||s.sloyalty.com/site_media$script",
    [
      1037697
    ]
  ],
  [
    "||klaviyo.com/onsite/js/vendors~signupForms$script",
    [
      1037698
    ]
  ],
  [
    "/vidstore-popups/assets/public/js/newsletter.min.js",
    [
      1037699
    ]
  ],
  [
    "||app-abd.marketo.com/js$script",
    [
      1037700
    ]
  ],
  [
    "||omappapi.com/app$script",
    [
      1037701
    ]
  ],
  [
    "tag.getdrip.com",
    [
      1037702
    ]
  ],
  [
    "||zoho.com/js/optin$script",
    [
      1037703
    ]
  ],
  [
    "/entries?content_type=staticContentBlock&fields.id=email-capture",
    [
      1037704
    ]
  ],
  [
    "||cloud-iq.com/cartrecovery/store.js$script",
    [
      1037705
    ]
  ],
  [
    "/axnewsletter.js",
    [
      1037706
    ]
  ],
  [
    "/wp-content/plugins/popupally",
    [
      1037707
    ]
  ],
  [
    "api.omappapi.com",
    [
      1037708
    ]
  ],
  [
    "/email-capture/email-capture-",
    [
      1037709
    ]
  ],
  [
    "||californiatimes.com/newsletter-campaign-manager$script",
    [
      1037710
    ]
  ],
  [
    "||quitsnap-blue.com/js/os_engine.js$script",
    [
      1037711
    ]
  ],
  [
    "/wp-content/plugins/convertpro/*",
    [
      1037712
    ]
  ],
  [
    "/wp-content/plugins/optin-revolution/*",
    [
      1037713
    ]
  ],
  [
    "||addthis.com/js/300/addthis_widget.js$script",
    [
      1037714
    ]
  ],
  [
    "api-cis.exponea.com",
    [
      1037715
    ]
  ],
  [
    "||api.traq.li/public/sdk$script",
    [
      1037716
    ]
  ],
  [
    "tracking.retargeting.biz",
    [
      1037717
    ]
  ],
  [
    "ping.contactpigeon.com",
    [
      1037718
    ]
  ],
  [
    "/newsletter-invite.js",
    [
      1037719
    ]
  ],
  [
    "/Action-Subscribe-2019.js",
    [
      1037720
    ]
  ],
  [
    "||convertbox.com/convertbox$script,third-party",
    [
      1037721
    ]
  ],
  [
    "||birdsend.co/assets/static/js/pixel/main.js$script",
    [
      1037722
    ]
  ],
  [
    "||hd.koloo.net/oo.js$script",
    [
      1037723
    ]
  ],
  [
    "||receiptful.com/scripts/shopify.js$script",
    [
      1037724
    ]
  ],
  [
    "t2.netsalesmedia.pl",
    [
      1037725
    ]
  ],
  [
    "content.govdelivery.com",
    [
      1037726
    ]
  ],
  [
    "api.pushnami.com",
    [
      1037727
    ]
  ],
  [
    "/js/deploy/syndicated-newsletter",
    [
      1037728
    ]
  ],
  [
    "||klaviyo.com/onsite/js/signup_forms$script,domain=~ufpro.com|~worldwidestereo.com|~salada.com",
    [
      1037729
    ]
  ],
  [
    "popup.popupsmart.com",
    [
      1037730
    ]
  ],
  [
    "/mol-fe-newsletter-popup/*",
    [
      1037731
    ]
  ],
  [
    "cdn.popt.in",
    [
      1037732
    ]
  ],
  [
    "||data.whizeo.com/widgets$script",
    [
      1037733
    ]
  ],
  [
    "||securedvisit.com/js/sv.js$script",
    [
      1037734
    ]
  ],
  [
    "||dev.visualwebsiteoptimizer.com/j.php$script",
    [
      1037735
    ]
  ],
  [
    "||convertkitqa.com/ckjs$script",
    [
      1037736
    ]
  ],
  [
    "||bounceexchange.com/assets/smart-tag$script",
    [
      1037737
    ]
  ],
  [
    "||adoric-om.com/adoric.js$script",
    [
      1037738
    ]
  ],
  [
    "/wp-content/plugins/woo-coupon-box/*",
    [
      1037739
    ]
  ],
  [
    "forms.convertkit.com",
    [
      1037740
    ]
  ],
  [
    "||convertkit.com/assets^$third-party",
    [
      1037741
    ]
  ],
  [
    "||sdks.automizely.com/conversions$script",
    [
      1037742
    ]
  ],
  [
    "cdn.attn.tv",
    [
      1037743
    ]
  ],
  [
    "||cdn.threadloom.com/ga$script",
    [
      1037744
    ]
  ],
  [
    "/js/website/modal-newsletter",
    [
      1037745
    ]
  ],
  [
    "/exponea.min.js",
    [
      1037746
    ]
  ],
  [
    "||newell.evergage.com/beacon$script",
    [
      1037747
    ]
  ],
  [
    "/evergage.min.js",
    [
      1037748
    ]
  ],
  [
    "/klaviyo_subscribe.js",
    [
      1037749
    ]
  ],
  [
    "||mailcampaigns.nl/interface/popup$script",
    [
      1037750
    ]
  ],
  [
    "/next-gen/dist/NewsletterPopup",
    [
      1037751
    ]
  ],
  [
    "forms.smsbump.com",
    [
      1037752
    ]
  ],
  [
    "/mod_motivatingcoupon/facebox/*",
    [
      1037753
    ]
  ],
  [
    "||static.redeal.se/widget/js/redeal.js$script",
    [
      1037754
    ]
  ],
  [
    "||cdn.optinly.net$third-party",
    [
      1037755
    ]
  ],
  [
    "/rg_smartpopup/*",
    [
      1037756
    ]
  ],
  [
    "/alert/email_subscribe/*",
    [
      1037757
    ]
  ],
  [
    "/arengu-newsletter.js",
    [
      1037758
    ]
  ],
  [
    "/popup-newsletter-$script",
    [
      1037759
    ]
  ],
  [
    "||assets.mailerlite.com^$script",
    [
      1037760
    ]
  ],
  [
    "/ps_emailsubscription.js",
    [
      1037761
    ]
  ],
  [
    "||embedded.wishpondpages.com$third-party,subdocument",
    [
      1037762
    ]
  ],
  [
    "/hs-web-interactive-$third-party,subdocument",
    [
      1037763
    ]
  ],
  [
    "/ht_newsletterpopup",
    [
      1037764
    ]
  ],
  [
    "/avada-popup.min.js",
    [
      1037765
    ]
  ],
  [
    "||connectif.cloud^$third-party",
    [
      1037766
    ]
  ],
  [
    "||tr.vitals.co^$third-party",
    [
      1037767
    ]
  ],
  [
    "||optimove.net^$third-party",
    [
      1037768
    ]
  ],
  [
    "||sail-horizon.com^$third-party",
    [
      1037769
    ]
  ],
  [
    "/assets/section-mailing-popup.",
    [
      1037770
    ]
  ],
  [
    "/kadence-conversions.",
    [
      1037771
    ]
  ],
  [
    "||postscript.io^$third-party",
    [
      1037772
    ]
  ],
  [
    "||getsitecontrol.com^$third-party",
    [
      1037773
    ]
  ],
  [
    "||retargeting.newsmanapp.com^$third-party",
    [
      1037774
    ]
  ],
  [
    "NotificationDisclaimerControl.js$domain=vontobel.com",
    [
      1037775
    ]
  ],
  [
    "list-builder.js$domain=wanderlust.co.uk",
    [
      1037776
    ]
  ],
  [
    "/amd_modules/newsletter-hover$domain=webmd.com",
    [
      1037777
    ]
  ],
  [
    "/politica-privacidade/lightbox$domain=toysrus.pt",
    [
      1037778
    ]
  ],
  [
    "/opentag-$domain=jet2.com",
    [
      1037779
    ]
  ],
  [
    "global-lightbox.js$domain=drschollsshoes.com",
    [
      1037780
    ]
  ],
  [
    "/wpp-popup-frontend.js$domain=globalvoices.org",
    [
      1037781
    ]
  ],
  [
    "/email.js$domain=tp-link.com",
    [
      1037782
    ]
  ],
  [
    "||ibt-mail.com/view_webform$script,domain=ibtimes.com",
    [
      1037783
    ]
  ],
  [
    "/lightboxform.js$domain=tips.net",
    [
      1037784
    ]
  ],
  [
    "/esm.js$domain=yamahamotorsports.com",
    [
      1037785
    ]
  ],
  [
    "/aiosp-jsonp.js$domain=kleren.com",
    [
      1037786
    ]
  ],
  [
    "/vol-modal/*$domain=thepaintstore.com",
    [
      1037787
    ]
  ],
  [
    "||imimg.com/js/reqForms.min.js$script,domain=indiamart.com",
    [
      1037788
    ]
  ],
  [
    "try.abtasty.com$domain=leparisien.fr",
    [
      1037789
    ]
  ],
  [
    "/Action-Subscribe$domain=naturalnews.com",
    [
      1037790
    ]
  ],
  [
    "/sharing/popover.js$domain=mymemory.co.uk",
    [
      1037791
    ]
  ],
  [
    "/popup/tsr$domain=superyachtnews.com",
    [
      1037792
    ]
  ],
  [
    "/simpleSignupManager.chunk.js$domain=manning.com",
    [
      1037793
    ]
  ],
  [
    "cdn-promote.weebly.com$domain=weebly.com",
    [
      1037794
    ]
  ],
  [
    "/acquisition-tag.js$domain=latribune.fr",
    [
      1037795
    ]
  ],
  [
    "/pharmapopin/*$domain=pharmasimple.com",
    [
      1037796
    ]
  ],
  [
    "/crm.js$domain=fujifilm-x.com",
    [
      1037797
    ]
  ],
  [
    "/sven_daspopup/*$domain=adler-farbenmeister.com",
    [
      1037798
    ]
  ],
  [
    "/PopupNewsletter/GetLayer$domain=yoox.com",
    [
      1037799
    ]
  ],
  [
    "/emailcollection/*$domain=motorsport.com",
    [
      1037800
    ]
  ],
  [
    "/popoverv2.js*$domain=britishcornershop.co.uk",
    [
      1037801
    ]
  ],
  [
    "/fp-web-flyout-widget.min.js^$domain=getfirepush.com",
    [
      1037802
    ]
  ],
  [
    "/tingle.$domain=arcade1up.com",
    [
      1037803
    ]
  ],
  [
    "||tinypass.com/api/tinypass.min.js^$domain=technologyreview.com",
    [
      1037804
    ]
  ],
  [
    "/SysConsentComponent.js$domain=netpeak.net",
    [
      1037805
    ]
  ],
  [
    "||safetyfirstaid.co.uk/ajx_newsletter",
    [
      1037806
    ]
  ],
  [
    "/uael-modal-popup.$domain=ackerwines.com",
    [
      1037807
    ]
  ],
  [
    "||cdn.p-n.io/pushly$script",
    [
      1037808
    ]
  ],
  [
    "||app3.emlgrid.com/static/sm.js$script",
    [
      1037809
    ]
  ],
  [
    "webpush-desktop.chunk.js",
    [
      1037810
    ]
  ],
  [
    "||push4site.com/Static/Script/$script",
    [
      1037811
    ]
  ],
  [
    "cdn.ghostmonitor.com",
    [
      1037812
    ]
  ],
  [
    "notify.hindustantimes.com",
    [
      1037813
    ]
  ],
  [
    "webpush.interia.pl",
    [
      1037814
    ]
  ],
  [
    ".izooto.com/scripts",
    [
      1037815
    ]
  ],
  [
    "js.pusher.com$domain=~itv.com|~lickd.co|~foliohd.com",
    [
      1037816
    ]
  ],
  [
    "||push-ad.com/integration.php$script",
    [
      1037817
    ]
  ],
  [
    "||cdn.pushassist.com/account/assets/$script",
    [
      1037818
    ]
  ],
  [
    "||gadgets.ndtv.com/static/desktop/js/notification_popup-min.js$script",
    [
      1037819
    ]
  ],
  [
    "pusherism.com",
    [
      1037820
    ]
  ],
  [
    "pushnest.com",
    [
      1037821
    ]
  ],
  [
    "||getpushmonkey.com/sdk/config$script",
    [
      1037822
    ]
  ],
  [
    "||cdn.onesignal.com/sdks$script",
    [
      1037823
    ]
  ],
  [
    "||pushpushgo.com/js$script",
    [
      1037824
    ]
  ],
  [
    "cdn.sendpulse.com$domain=~movie4k.eu",
    [
      1037825
    ]
  ],
  [
    "||salesmanago.pl/static/sm.js$script",
    [
      1037826
    ]
  ],
  [
    "cdn.pushcrew.com",
    [
      1037827
    ]
  ],
  [
    "/streamlined-push-plugin.production.min.js",
    [
      1037828
    ]
  ],
  [
    "app.push-ad.com",
    [
      1037829
    ]
  ],
  [
    "/pushnotification/service-worker-script.js",
    [
      1037830
    ]
  ],
  [
    "/sp-push-worker.js",
    [
      1037831
    ]
  ],
  [
    "95p5qep4aq.com",
    [
      1037832
    ]
  ],
  [
    "||snrcdn.net/sdk/$script",
    [
      1037833
    ]
  ],
  [
    "via.batch.com",
    [
      1037834
    ]
  ],
  [
    "||wonderpush.com/sdk/$script",
    [
      1037835
    ]
  ],
  [
    "clientcdn.pushengage.com",
    [
      1037836
    ]
  ],
  [
    "||web-sdk.urbanairship.com/notify/$script",
    [
      1037837
    ]
  ],
  [
    "api.sociaplus.com",
    [
      1037838
    ]
  ],
  [
    "/plugins/tmx-push/*",
    [
      1037839
    ]
  ],
  [
    "/firebase-messaging.js$domain=~dn.pt|~jn.pt",
    [
      1037840
    ]
  ],
  [
    "pushno.com",
    [
      1037841
    ]
  ],
  [
    "pushwhy.com",
    [
      1037842
    ]
  ],
  [
    "pushame.com",
    [
      1037843
    ]
  ],
  [
    "||voirfilms.ws/sw.js$script",
    [
      1037844
    ]
  ],
  [
    "||siteswithcontent.com/js/push$script",
    [
      1037845
    ]
  ],
  [
    "||cdn.moengage.com/webpush$script",
    [
      1037846
    ]
  ],
  [
    "||brandflow.net/static/general/push-init-code.js$script",
    [
      1037847
    ]
  ],
  [
    "||cleverpush.com/channel/loader$script",
    [
      1037848
    ]
  ],
  [
    "||static.getback.ch/clients$script",
    [
      1037849
    ]
  ],
  [
    "/PushNotifications.",
    [
      1037850
    ]
  ],
  [
    "cdn.pushowl.com",
    [
      1037851
    ]
  ],
  [
    "||accengage.net/pushweb/$script",
    [
      1037852
    ]
  ],
  [
    "||cdn.foxpush.net/sdk/foxpush_SDK$script",
    [
      1037853
    ]
  ],
  [
    "||js.appboycdn.com/web-sdk/$script",
    [
      1037854
    ]
  ],
  [
    "||cdn.taboola.com/libtrc/tmg-network/loader.js$script",
    [
      1037855
    ]
  ],
  [
    "/js/push_subscription.js",
    [
      1037856
    ]
  ],
  [
    "||pushwoosh.com/webpush$script",
    [
      1037857
    ]
  ],
  [
    "push_service-worker.js",
    [
      1037858
    ]
  ],
  [
    "0_ghpush_client.js",
    [
      1037859
    ]
  ],
  [
    "||pastoupt.com/ntfc.php$script",
    [
      1037860
    ]
  ],
  [
    "||pushsar.com/ntfc.php$script",
    [
      1037861
    ]
  ],
  [
    "sdk.jeeng.com",
    [
      1037862
    ]
  ],
  [
    "||d3bo67muzbfgtl.cloudfront.net/edrone$script",
    [
      1037863
    ]
  ],
  [
    "||admessage.support/system_domain.js$script",
    [
      1037864
    ]
  ],
  [
    "/push/js/sdk/insider-push-native-sdk.js",
    [
      1037865
    ]
  ],
  [
    "pharance.com",
    [
      1037866
    ]
  ],
  [
    "||pushance.com/ntfc.php$script",
    [
      1037867
    ]
  ],
  [
    "||tattepush.com/push.js$script",
    [
      1037868
    ]
  ],
  [
    ".contentsitesrv.com/js/push",
    [
      1037869
    ]
  ],
  [
    "||jattepush.com/push.js$script",
    [
      1037870
    ]
  ],
  [
    "||pushanert.com/ntfc.php$script",
    [
      1037871
    ]
  ],
  [
    "/web-push/init.min.js$domain=~finanzen.ch|~finanzen.net|~finanzen.at",
    [
      1037872
    ]
  ],
  [
    "||aimtell.com/trackpush/trackpush.min.js$script",
    [
      1037873
    ]
  ],
  [
    "||hmcfront.akamaized.net/hd/extra/assets/www/notification.$script",
    [
      1037874
    ]
  ],
  [
    "/webpush.js",
    [
      1037875
    ]
  ],
  [
    "||youlead.pl/ylwebpush.js$script",
    [
      1037876
    ]
  ],
  [
    "push.delivery.ethinking.de",
    [
      1037877
    ]
  ],
  [
    "/web-push.js",
    [
      1037878
    ]
  ],
  [
    "||freeclick.me/?pu=$script",
    [
      1037879
    ]
  ],
  [
    "||cdn.pushalert.co/integrate$script",
    [
      1037880
    ]
  ],
  [
    "||cdn.gravitec.net/storage$script",
    [
      1037881
    ]
  ],
  [
    ".izooto.com/optin",
    [
      1037882
    ]
  ],
  [
    "cdn.qgraph.io",
    [
      1037883
    ]
  ],
  [
    "sw.wpush.org",
    [
      1037884
    ]
  ],
  [
    "||cdn.pn.vg/c/ig/pushnews.min.js$script",
    [
      1037885
    ]
  ],
  [
    "||subscribers.com/assets/subscribers.js$script",
    [
      1037886
    ]
  ],
  [
    "/webpush-loader.js",
    [
      1037887
    ]
  ],
  [
    "app.wigzo.com",
    [
      1037888
    ]
  ],
  [
    "app.getbeamer.com",
    [
      1037889
    ]
  ],
  [
    "api.signalize.com",
    [
      1037890
    ]
  ],
  [
    "cdn.letreach.com",
    [
      1037891
    ]
  ],
  [
    "gg.faromen.online",
    [
      1037892
    ]
  ],
  [
    "/js/webpushr.app",
    [
      1037893
    ]
  ],
  [
    "||pushwoosh.com/json$script",
    [
      1037894
    ]
  ],
  [
    "||pushpushgo.com/scripts$script",
    [
      1037895
    ]
  ],
  [
    "||hrbpark.bid/pushJs$script",
    [
      1037896
    ]
  ],
  [
    "||webpushs.com/js/push$script",
    [
      1037897
    ]
  ],
  [
    "wwopenclick.space",
    [
      1037898
    ]
  ],
  [
    "iss.shopimind.com",
    [
      1037899
    ]
  ],
  [
    "||cdn.pn.vg/push$script",
    [
      1037900
    ]
  ],
  [
    "/webpush-production.js",
    [
      1037901
    ]
  ],
  [
    "cdn.notifyvisitors.com",
    [
      1037902
    ]
  ],
  [
    "||cdn.webpushr.com/app$script",
    [
      1037903
    ]
  ],
  [
    "t2.netsalesmedia.pl",
    [
      1037904
    ]
  ],
  [
    "api.pushnami.com",
    [
      1037905
    ]
  ],
  [
    "/OneSignalSDK",
    [
      1037906
    ]
  ],
  [
    "||aswpsdkus.com/notify$script",
    [
      1037907
    ]
  ],
  [
    "/web-push-notification.js",
    [
      1037908
    ]
  ],
  [
    "/nano-webpush-ui",
    [
      1037909
    ]
  ],
  [
    "cdn.pushmaster-cdn.xyz",
    [
      1037910
    ]
  ],
  [
    "cdn.netmera-web.com",
    [
      1037911
    ]
  ],
  [
    "/smio-push-notification/*",
    [
      1037912
    ]
  ],
  [
    "/BildirtSDKfiles.js",
    [
      1037913
    ]
  ],
  [
    "cdn.onepush.app",
    [
      1037914
    ]
  ],
  [
    "||truepush.com/sdk$script",
    [
      1037915
    ]
  ],
  [
    "||assets.emarsys.net/web-emarsys-sdk/*$script",
    [
      1037916
    ]
  ],
  [
    "||notifpush.com/scripts$script",
    [
      1037917
    ]
  ],
  [
    "||js.smct.io/*/notifications*$script",
    [
      1037918
    ]
  ],
  [
    "push/push*$script",
    [
      1037919
    ]
  ],
  [
    "||pushwoosh.com^",
    [
      1037920
    ]
  ],
  [
    "/pushnotifications^",
    [
      1037921
    ]
  ],
  [
    "||sendsay.ru/backend/push/*",
    [
      1037922
    ]
  ],
  [
    "/social_push_notifications/*",
    [
      1037923
    ]
  ],
  [
    "||pushpanda.io^$third-party",
    [
      1037924
    ]
  ],
  [
    "||potisni.me/js/enable-push.js$third-party",
    [
      1037925
    ]
  ],
  [
    "/_pushAllow.js",
    [
      1037926
    ]
  ],
  [
    "/clevertap.min.js",
    [
      1037927
    ]
  ],
  [
    "plugins/tfnotifier-wp/*",
    [
      1037928
    ]
  ],
  [
    "messaging/webpush*",
    [
      1037929
    ]
  ],
  [
    "/service-webpush-firebase.js",
    [
      1037930
    ]
  ],
  [
    "/js/push.js",
    [
      1037931
    ]
  ],
  [
    "/notification.*.js$domain=~qudosbank.com.au|~myhealth.va.gov|~costco.ca|~costco.com",
    [
      1037932
    ]
  ],
  [
    "@@||notification.dmm.co.jp$script",
    [
      1037933
    ]
  ],
  [
    "||notix.io^$third-party",
    [
      1037934
    ]
  ],
  [
    "||pushouse.com^$third-party",
    [
      1037935
    ]
  ],
  [
    "||yottlyscript.com/push/*",
    [
      1037936
    ]
  ],
  [
    "/wzrk_dialog.min.js",
    [
      1037937
    ]
  ],
  [
    "||gr-cdn-e.eu/*/push-notification^$script",
    [
      1037938
    ]
  ],
  [
    "||dengage.com^$third-party",
    [
      1037939
    ]
  ],
  [
    "||larapush.com^$third-party",
    [
      1037940
    ]
  ],
  [
    "/sw.js$domain=pinterest.com",
    [
      1037941
    ]
  ],
  [
    "/public/spartanien/js/sw_handler$domain=spartanien.de",
    [
      1037942
    ]
  ],
  [
    "/pushes/notification.js$domain=rt.com",
    [
      1037943
    ]
  ],
  [
    "/js/subscriber$domain=mitula.pt",
    [
      1037944
    ]
  ],
  [
    "/firebase.js$domain=alibaba.com",
    [
      1037945
    ]
  ],
  [
    "/sw.js$domain=1337x.is",
    [
      1037946
    ]
  ],
  [
    "/sw.js$domain=1337x.to",
    [
      1037947
    ]
  ],
  [
    "/push-main-min.js$domain=ndtv.com",
    [
      1037948
    ]
  ],
  [
    "/js/adNotice.js$domain=hardwarezone.com.sg",
    [
      1037949
    ]
  ],
  [
    "/push/*$domain=tut.by",
    [
      1037950
    ]
  ],
  [
    "/firebase.min.js$domain=azoresgetaways.com",
    [
      1037951
    ]
  ],
  [
    "/firebase.js$domain=tribunavalladolid.com",
    [
      1037952
    ]
  ],
  [
    "client-.js$domain=hoerbuch.us",
    [
      1037953
    ]
  ],
  [
    "/js/a.js$domain=allevents.in",
    [
      1037954
    ]
  ],
  [
    "notifi.min.js$domain=antyradio.pl",
    [
      1037955
    ]
  ],
  [
    "/app.js$domain=lightinthebox.com",
    [
      1037956
    ]
  ],
  [
    "/min/js/sw/*$domain=sputniknews.com",
    [
      1037957
    ]
  ],
  [
    "/clientt.js$domain=cript.to",
    [
      1037958
    ]
  ],
  [
    "wsNotification.js$domain=wondershare.com",
    [
      1037959
    ]
  ],
  [
    "||tags.tiqcdn.com/utag$script,domain=national-lottery.co.uk",
    [
      1037960
    ]
  ],
  [
    "/notification-topics.js^$domain=winnipegfreepress.com",
    [
      1037961
    ]
  ],
  [
    "nebula-cdn.kampyle.com",
    [
      1037962
    ]
  ],
  [
    "||turbo.qualaroo.com/c.js$script",
    [
      1037963
    ]
  ],
  [
    "||scripts.psyma.com/layer_question$script",
    [
      1037964
    ]
  ],
  [
    "w.usabilla.com",
    [
      1037965
    ]
  ],
  [
    "||static.hotjar.com/c/hotjar$script",
    [
      1037966
    ]
  ],
  [
    "||scripts.psyma.com/html/layer/json_question.php$script",
    [
      1037967
    ]
  ],
  [
    "||visualwebsiteoptimizer.com/va_survey$script",
    [
      1037968
    ]
  ],
  [
    "gateway.answerscloud.com",
    [
      1037969
    ]
  ],
  [
    "st.getsitecontrol.com",
    [
      1037970
    ]
  ],
  [
    "||survey.g.doubleclick.net/survey$script",
    [
      1037971
    ]
  ],
  [
    "/opiniac.js",
    [
      1037972
    ]
  ],
  [
    "||ssl.ceneo.pl/shops/$script",
    [
      1037973
    ]
  ],
  [
    "||cloud.netquest.sk/scripts/widget$script",
    [
      1037974
    ]
  ],
  [
    "||storage.googleapis.com/outfox/ocs/surveys/$script",
    [
      1037975
    ]
  ],
  [
    "||kameleoon.eu/kameleoon.js$script",
    [
      1037976
    ]
  ],
  [
    "||invitation.opinionbar.com/wit/popups$script",
    [
      1037977
    ]
  ],
  [
    "||neads.delivery/opinion-seed-embed.js$script",
    [
      1037978
    ]
  ],
  [
    "||collect.mopinion.com/assets/surveys/$script",
    [
      1037979
    ]
  ],
  [
    "/runtimejs/dist/survey/js/survey.js$domain=~alchemer.eu",
    [
      1037980
    ]
  ],
  [
    "||surveygizmobeacon.s3.amazonaws.com/beaconconfigs/$script",
    [
      1037981
    ]
  ],
  [
    "||cpx.smind.hr/Log/LogData$script",
    [
      1037982
    ]
  ],
  [
    "||widget.surveymonkey.com/collect$script,domain=~onboarding.italki.com",
    [
      1037983
    ]
  ],
  [
    "||cdn.feedbackify.com/f.js$script",
    [
      1037984
    ]
  ],
  [
    "||invitation.opinionbar.com/popups$script",
    [
      1037985
    ]
  ],
  [
    "/bundles/Scripts/OpinionLab.js",
    [
      1037986
    ]
  ],
  [
    "||survey.nuggad.net/c/layer-html$script",
    [
      1037987
    ]
  ],
  [
    "||ips-invite.iperceptions.com/invitations$script",
    [
      1037988
    ]
  ],
  [
    "/oo_engine.min.js",
    [
      1037989
    ]
  ],
  [
    "||userzoom.com/feedback$script",
    [
      1037990
    ]
  ],
  [
    "||invite.leanlab.co/invite/invite.js$script",
    [
      1037991
    ]
  ],
  [
    "||userreport.com/newsquest/launcher.js$script",
    [
      1037992
    ]
  ],
  [
    "siteintercept.qualtrics.com",
    [
      1037993
    ]
  ],
  [
    "||sandsiv.com/digi_runner.js?surveyId$script",
    [
      1037994
    ]
  ],
  [
    "||digitalfeedback.euro.confirmit.com/api$script",
    [
      1037995
    ]
  ],
  [
    "||taskanalytics.com/tm.js$script",
    [
      1037996
    ]
  ],
  [
    "popup.designtutkimus.fi",
    [
      1037997
    ]
  ],
  [
    "||guitaretab.com/static/js/hats$script",
    [
      1037998
    ]
  ],
  [
    "/v1/survey_invite.min.js",
    [
      1037999
    ]
  ],
  [
    "||app.alpheid.com/js/marketing_automation$script",
    [
      1038000
    ]
  ],
  [
    "||siteimproveanalytics.com/js/siteanalyze$script",
    [
      1038001
    ]
  ],
  [
    "||cdn.judge.me/shopify_v2.js$script",
    [
      1038002
    ]
  ],
  [
    "||static.yourcx.io/customers$script",
    [
      1038003
    ]
  ],
  [
    "||webankieta.pl/scripts/widget$script",
    [
      1038004
    ]
  ],
  [
    "popin.survey-xact.dk",
    [
      1038005
    ]
  ],
  [
    "||myaudience.de/sv/rifflejs.php$script",
    [
      1038006
    ]
  ],
  [
    "||survey.survicate.com/workspaces$script",
    [
      1038007
    ]
  ],
  [
    "||tryinteract.com/promotions/init.js$script",
    [
      1038008
    ]
  ],
  [
    "||scripts.psyma.com/scripts$script",
    [
      1038009
    ]
  ],
  [
    "||surveygizmo.eu/runtimejs/intercept$script",
    [
      1038010
    ]
  ],
  [
    "widgets.opinary.com",
    [
      1038011
    ]
  ],
  [
    "||uxfeedback.ru/widget.js$script",
    [
      1038012
    ]
  ],
  [
    "||e-satisfaction.com/dist/js/integration$script",
    [
      1038013
    ]
  ],
  [
    "||gateway.foresee.com$third-party",
    [
      1038014
    ]
  ],
  [
    "/vendor/opinionlab/*$domain=lenovo.com",
    [
      1038015
    ]
  ],
  [
    "survey.js$domain=medier24.no",
    [
      1038016
    ]
  ],
  [
    "/components-nps-survey$domain=spanishdict.com",
    [
      1038017
    ]
  ],
  [
    "ExitIntentModal.js$domain=stepstone.de",
    [
      1038018
    ]
  ],
  [
    "/surveys/*$domain=europa.eu",
    [
      1038019
    ]
  ],
  [
    "||visitor.reactful.com/dist/main$script",
    [
      1038020
    ]
  ],
  [
    "/popup/puppy.js$domain=sueddeutsche.de",
    [
      1038021
    ]
  ],
  [
    "||userreport.com/aperitif/launcher.js",
    [
      1038022
    ]
  ],
  [
    "||apps.veedio.it/js/videobox$script",
    [
      1038023
    ]
  ],
  [
    "/responsive-player/video-feature-sticky.js",
    [
      1038024
    ]
  ],
  [
    "||s-pt.ppstatic.pl/p/js/regionalne/plywajace_wideo.js$script",
    [
      1038025
    ]
  ],
  [
    "/js/compiled/atoms/article/sticky-video.js",
    [
      1038026
    ]
  ],
  [
    "||sdk.digitalbees.it/jssdk.js$script",
    [
      1038027
    ]
  ],
  [
    "||live.sekindo.com/live/liveView.php$script",
    [
      1038028
    ]
  ],
  [
    "||c.jsrdn.com/s/cs.js$script",
    [
      1038029
    ]
  ],
  [
    "||playwire.com/plugins/docky.min.js$script",
    [
      1038030
    ]
  ],
  [
    "||cdn.connatix.com/min/connatix.renderer.infeed.min.js$script",
    [
      1038031
    ]
  ],
  [
    "||ultimedia.com/api/widget/smart$script",
    [
      1038032
    ]
  ],
  [
    "||stream.playbuzz.com/embed/sdk.js$script",
    [
      1038033
    ]
  ],
  [
    "||delivery.youplay.se/load.js$script",
    [
      1038034
    ]
  ],
  [
    "embed.sendtonews.com",
    [
      1038035
    ]
  ],
  [
    "/wp-content/plugins/pmc-plugins/pmc-adm/*",
    [
      1038036
    ]
  ],
  [
    "||services.brid.tv/player$script",
    [
      1038037
    ]
  ],
  [
    "||mgid.com/js/wglibs/mgWidget$script",
    [
      1038038
    ]
  ],
  [
    "/stn-player.js$domain=titantv.com",
    [
      1038039
    ]
  ],
  [
    "||vplayer.enthusiastgaming.com/player/build/plugins/slideinview/*",
    [
      1038040
    ]
  ],
  [
    "/mol-adverts-delayed.js$domain=dailymail.co.uk",
    [
      1038041
    ]
  ],
  [
    "/twocol_article_autoplay/*$domain=belfasttelegraph.co.uk",
    [
      1038042
    ]
  ],
  [
    "players.brightcove.net$domain=uproxx.com",
    [
      1038043
    ]
  ],
  [
    "/coronaWidget5/*$domain=ibtimes.sg",
    [
      1038044
    ]
  ]
]